Component: ARM Compiler 5.06 update 6 (build 750) Tool: armlink [4d35ed]

==============================================================================

Section Cross References

    startup_rtl8762c.o(VECTOR) refers to startup_rtl8762c.o(RESET) for Reset_Handler
    startup_rtl8762c.o(VECTOR) refers to startup_rtl8762c.o(.text) for NMI_Handler
    startup_rtl8762c.o(VECTOR) refers to main.o(.text) for System_Handler
    startup_rtl8762c.o(VECTOR) refers to uart.o(.ram.dataon.data) for UART0_Handler
    startup_rtl8762c.o(VECTOR) refers to system_rtl8762c.o(.ram.dataon.data) for GPIO_Group3_Handler
    startup_rtl8762c.o(RESET) refers to system_rtl8762c.o(.app.flash.text) for SystemInit
    system_rtl8762c.o(.app.flash.text) refers to rand.o(.text) for srand
    system_rtl8762c.o(.app.flash.text) refers to rand.o(.emb_text) for rand
    system_rtl8762c.o(.app.flash.text) refers to overlay_mgr.o(.text) for load_overlay
    system_rtl8762c.o(.app.flash.text) refers to system_rtl8762c.o(.text) for NVIC_DisableIRQ
    system_rtl8762c.o(.app.flash.text) refers to system_rtl8762c.o(.app.overlay_a) for AppUpdateVectorTable
    system_rtl8762c.o(.app.flash.text) refers to system_rtl8762c.o(.bss) for .bss
    system_rtl8762c.o(.app.flash.text) refers to system_rtl8762c.o(.data) for .data
    system_rtl8762c.o(.app.flash.text) refers to system_rtl8762c.o(.TRACE) for .TRACE
    system_rtl8762c.o(.app.overlay_a) refers to system_rtl8762c.o(.constdata) for .constdata
    system_rtl8762c.o(.app.overlay_a) refers to startup_rtl8762c.o(.text) for Default_Handler
    system_rtl8762c.o(.app.overlay_a) refers to system_rtl8762c.o(.TRACE) for .TRACE
    system_rtl8762c.o(.ram.dataon.data) refers to startup_rtl8762c.o(.text) for GPIO3_Handler
    system_rtl8762c.o(.text) refers to __main.o(!!!main) for __main
    system_rtl8762c.o(.text) refers to system_rtl8762c.o(.constdata) for .constdata
    system_rtl8762c.o(.text) refers to system_rtl8762c.o(.data) for .data
    system_rtl8762c.o(.text) refers to system_rtl8762c.o(.bss) for .bss
    system_rtl8762c.o(.app.flash.header) refers to system_rtl8762c.o(.constdata) for app_cb_table
    system_rtl8762c.o(.constdata) refers to system_rtl8762c.o(.text) for app_cb0_wdg_reset
    system_rtl8762c.o(.constdata) refers to system_rtl8762c.o(.conststring) for .conststring
    rtl876x_io_dlps.o(.ram.dataon.data) refers to rtl876x_io_dlps.o(.bss) for .bss
    rtl876x_io_dlps.o(.ram.dataon.data) refers to rtl876x_io_dlps.o(.TRACE) for .TRACE
    rtl876x_io_dlps.o(.text) refers to rtl876x_io_dlps.o(.ram.dataon.data) for DLPS_IO_EnterDlpsCb
    rtl876x_gpio.o(.text) refers to rtl876x_rcc.o(.text) for RCC_PeriphClockCmd
    rtl876x_uart.o(.text) refers to rtl876x_rcc.o(.text) for RCC_PeriphClockCmd
    hw_aes.o(.text) refers to hw_aes.o(.bss) for .bss
    app_task.o(.text) refers to tuya_ble_app_demo.o(.text) for tuya_ble_app_init
    app_task.o(.text) refers to main.o(.text) for driver_init
    app_task.o(.text) refers to peripheral_app.o(.text) for app_handle_io_msg
    app_task.o(.text) refers to tuya_ble_secure.o(i.tuya_ble_event_process) for tuya_ble_event_process
    app_task.o(.text) refers to app_task.o(.constdata) for .constdata
    app_task.o(.text) refers to app_task.o(.bss) for .bss
    main.o(.text) refers to tuya_ble_service_rtl8762c.o(.text) for kns_add_service
    main.o(.text) refers to uart.o(.text) for board_uart_init
    main.o(.text) refers to rtl876x_io_dlps.o(.text) for DLPS_IORegister
    main.o(.text) refers to app_task.o(.text) for app_task_init
    main.o(.text) refers to rand.o(.text) for srand
    main.o(.text) refers to gap_lib.o(.text) for gap_lib_init
    main.o(.text) refers to main.o(.constdata) for .constdata
    main.o(.text) refers to peripheral_app.o(.text) for app_gap_callback
    main.o(.text) refers to peripheral_app.o(.bss) for tuya_srv_id
    main.o(.text) refers to main.o(.TRACE) for .TRACE
    main.o(.text) refers to rtl876x_io_dlps.o(.bss) for User_IO_EnterDlpsCB
    main.o(.text) refers to main.o(.bss) for .bss
    main.o(.text) refers to system_rtl8762c.o(.bss) for random_seed_value
    main.o(.text) refers to uart.o(.bss) for IO_UART_DLPS_Enter_Allowed
    peripheral_app.o(.text) refers to tuya_ble_api.o(.text) for tuya_ble_disconnected_handler
    peripheral_app.o(.text) refers to tuya_ble_app_ota.o(.text) for tuya_ota_init_disconnect
    peripheral_app.o(.text) refers to gap_lib_patch.o(.text) for le_bond_just_work_confirm
    peripheral_app.o(.text) refers to peripheral_app.o(.bss) for .bss
    peripheral_app.o(.text) refers to peripheral_app.o(.TRACE) for .TRACE
    overlay_mgr.o(.text) refers to overlay_mgr.o(.data) for .data
    overlay_mgr.o(.text) refers to overlay_mgr.o(.bss) for .bss
    overlay_mgr.o(.data) refers to overlay_mgr.o(.conststring) for .conststring
    uart.o(.ram.dataon.data) refers to rtl876x_uart.o(.text) for UART_INTConfig
[...]
    app_flash_cmd_tx                         0x00207fa5   Thumb Code   170  tuya_ble_app_ota.o(.ram.dataon.data)
    flash_erase_sector                       0x0020804f * Thumb Code    66  tuya_ble_app_ota.o(.ram.dataon.data)
    Image$$RAM_DATA_ON$$RW$$Base             0x002080bc   Number         0  anon$$obj.o ABSOLUTE
    Image$$RAM_DATA_ON$$ZI$$Base             0x00208144   Number         0  anon$$obj.o ABSOLUTE
    user_wdg_cb                              0x00208144   Data           4  system_rtl8762c.o(.bss)
    user_dfu_status_cb                       0x00208148   Data           4  system_rtl8762c.o(.bss)
    app_pre_main_cb                          0x0020814c   Data           4  system_rtl8762c.o(.bss)
    random_seed_value                        0x00208150   Data           4  system_rtl8762c.o(.bss)
    PeriIntStoreReg                          0x00208154   Data           4  rtl876x_io_dlps.o(.bss)
    User_IO_ExitDlpsCB                       0x00208158   Data           4  rtl876x_io_dlps.o(.bss)
    User_IO_EnterDlpsCB                      0x0020815c   Data           4  rtl876x_io_dlps.o(.bss)
    CPU_StoreReg                             0x00208160   Data         132  rtl876x_io_dlps.o(.bss)
    Pinmux_StoreReg                          0x002081e4   Data          40  rtl876x_io_dlps.o(.bss)
    app_task_handle                          0x0020821c   Data           4  app_task.o(.bss)
    evt_queue_handle                         0x00208220   Data           4  app_task.o(.bss)
    io_queue_handle                          0x00208224   Data           4  app_task.o(.bss)
    tuya_queue_handle                        0x00208228   Data           4  app_task.o(.bss)
    xTimer_io_uart_dlps_monitor              0x0020822c   Data           4  main.o(.bss)
    gap_dev_state                            0x00208231   Data           1  peripheral_app.o(.bss)
    gap_conn_state                           0x00208232   Data           1  peripheral_app.o(.bss)
    tuya_srv_id                              0x00208233   Data           1  peripheral_app.o(.bss)
    scenario_name                            0x00208234   Data           8  overlay_mgr.o(.bss)
    IO_UART_DLPS_Enter_Allowed               0x0020823c   Data           1  uart.o(.bss)
    gParaValue_data                          0x0020849c   Data          20  tuya_ble_service_rtl8762c.o(.bss)
    app_custom_task_handle                   0x002084b4   Data           4  tuya_ble_app_demo.o(.bss)
    tuya_custom_queue_handle                 0x002084b8   Data           4  tuya_ble_app_demo.o(.bss)
    device_param                             0x002084bc   Data         120  tuya_ble_app_demo.o(.bss)
    custom_data                              0x00208636   Data          50  tuya_ble_app_demo.o(.bss)
    flstatus                                 0x00208669   Data           1  tuya_ble_app_ota.o(.bss)
    tuya_ble_xtimer_connect_monitor          0x00208fd4   Data           4  tuya_ble_api.o(.bss)
    tuya_ble_pair_rand_valid                 0x00209104   Data           1  tuya_ble_data_handler.o(.bss)
    tuya_ble_ota_status                      0x00209105   Data           1  tuya_ble_data_handler.o(.bss)
    tuya_ble_pair_rand                       0x00209120   Data           6  tuya_ble_data_handler.o(.bss)
    m_cb_queue_table                         0x002097a4   Data           4  tuya_ble_main.o(.bss)
    tuya_ble_current_para                    0x002097d4   Data         468  tuya_ble_main.o(.bss)
    tuya_ble_xTimer_prod_monitor             0x00209a98   Data           4  tuya_ble_app_production_test.o(.bss)
    _random_number_data                      0x00209b7c   Data         228  rand.o(.bss)
    Image$$OVERLAY_A$$RO$$Base               0x00209c78   Number         0  anon$$obj.o ABSOLUTE
    Image$$OVERLAY_B$$RO$$Base               0x00209c78   Number         0  anon$$obj.o ABSOLUTE
    Image$$OVERLAY_B$$RW$$Base               0x00209c78   Number         0  anon$$obj.o ABSOLUTE
    Image$$OVERLAY_B$$ZI$$Base               0x00209c78   Number         0  anon$$obj.o ABSOLUTE
    Image$$OVERLAY_C$$RO$$Base               0x00209c78   Number         0  anon$$obj.o ABSOLUTE
    Image$$OVERLAY_C$$RW$$Base               0x00209c78   Number         0  anon$$obj.o ABSOLUTE
    Image$$OVERLAY_C$$ZI$$Base               0x00209c78   Number         0  anon$$obj.o ABSOLUTE
    Image$$OVERLAY_A$$RW$$Base               0x00209d38   Number         0  anon$$obj.o ABSOLUTE
    Image$$OVERLAY_A$$ZI$$Base               0x00209d38   Number         0  anon$$obj.o ABSOLUTE
    Image$$CACHE_DATA_ON$$RO$$Base           0x0021c000   Number         0  anon$$obj.o ABSOLUTE
    Image$$CACHE_DATA_ON$$RW$$Base           0x0021c000   Number         0  anon$$obj.o ABSOLUTE
    Image$$CACHE_DATA_ON$$ZI$$Base           0x0021c000   Number         0  anon$$obj.o ABSOLUTE
    img_header                               0x0080e000   Data         480  system_rtl8762c.o(.app.flash.header)
    auth_header                              0x0080e1e0   Data         544  system_rtl8762c.o(.app.flash.header)
    Image$$FLASH_START_ADDR$$RO$$Base        0x0080e400   Number         0  anon$$obj.o ABSOLUTE
    Load$$FLASH_START_ADDR$$RO$$Base         0x0080e400   Number         0  anon$$obj.o ABSOLUTE
    Reset_Handler                            0x0080e401   Thumb Code     4  startup_rtl8762c.o(RESET)
    __main                                   0x0080e409   Thumb Code     8  __main.o(!!!main)
    _printf_d                                0x0080e411   Thumb Code     0  _printf_d.o(.ARM.Collect$$_printf_percent$$00000009)
    _printf_percent                          0x0080e411   Thumb Code     0  _printf_percent.o(.ARM.Collect$$_printf_percent$$00000000)
    _printf_s                                0x0080e417   Thumb Code     0  _printf_s.o(.ARM.Collect$$_printf_percent$$00000014)
    _printf_percent_end                      0x0080e41d   Thumb Code     0  _printf_percent_end.o(.ARM.Collect$$_printf_percent$$00000017)
    __rt_lib_init                            0x0080e421   Thumb Code     0  libinit.o(.ARM.Collect$$libinit$$00000000)
    __rt_lib_init_fp_1                       0x0080e423   Thumb Code     0  libinit2.o(.ARM.Collect$$libinit$$00000001)
    __rt_lib_init_heap_1                     0x0080e427   Thumb Code     0  libinit2.o(.ARM.Collect$$libinit$$0000000A)
    __rt_lib_init_preinit_1                  0x0080e427   Thumb Code     0  libinit2.o(.ARM.Collect$$libinit$$00000004)
    __rt_lib_init_rand_2                     0x0080e427   Thumb Code     0  libinit2.o(.ARM.Collect$$libinit$$0000000D)
    __rt_lib_init_user_alloc_1               0x0080e427   Thumb Code     0  libinit2.o(.ARM.Collect$$libinit$$0000000C)
    __rt_lib_init_lc_common                  0x0080e42b   Thumb Code     0  libinit2.o(.ARM.Collect$$libinit$$0000000F)
    __rt_lib_init_rand_1                     0x0080e42b   Thumb Code     0  libinit2.o(.ARM.Collect$$libinit$$0000000E)
    __rt_lib_init_lc_collate_1               0x0080e431   Thumb Code     0  libinit2.o(.ARM.Collect$$libinit$$00000011)
    __rt_lib_init_lc_ctype_2                 0x0080e431   Thumb Code     0  libinit2.o(.ARM.Collect$$libinit$$00000012)
    __rt_lib_init_alloca_1                   0x0080e43d   Thumb Code     0  libinit2.o(.ARM.Collect$$libinit$$0000002E)
    __rt_lib_init_argv_1                     0x0080e43d   Thumb Code     0  libinit2.o(.ARM.Collect$$libinit$$0000002C)
    __rt_lib_init_atexit_1                   0x0080e43d   Thumb Code     0  libinit2.o(.ARM.Collect$$libinit$$0000001B)
    __rt_lib_init_clock_1                    0x0080e43d   Thumb Code     0  libinit2.o(.ARM.Collect$$libinit$$00000021)
    __rt_lib_init_cpp_1                      0x0080e43d   Thumb Code     0  libinit2.o(.ARM.Collect$$libinit$$00000032)
    __rt_lib_init_exceptions_1               0x0080e43d   Thumb Code     0  libinit2.o(.ARM.Collect$$libinit$$00000030)
    __rt_lib_init_fp_trap_1                  0x0080e43d   Thumb Code     0  libinit2.o(.ARM.Collect$$libinit$$0000001F)
    __rt_lib_init_getenv_1                   0x0080e43d   Thumb Code     0  libinit2.o(.ARM.Collect$$libinit$$00000023)
    __rt_lib_init_lc_ctype_1                 0x0080e43d   Thumb Code     0  libinit2.o(.ARM.Collect$$libinit$$00000013)
    __rt_lib_init_lc_monetary_1              0x0080e43d   Thumb Code     0  libinit2.o(.ARM.Collect$$libinit$$00000015)
    __rt_lib_init_lc_numeric_1               0x0080e43d   Thumb Code     0  libinit2.o(.ARM.Collect$$libinit$$00000017)
    __rt_lib_init_lc_time_1                  0x0080e43d   Thumb Code     0  libinit2.o(.ARM.Collect$$libinit$$00000019)
    __rt_lib_init_return                     0x0080e43d   Thumb Code     0  libinit2.o(.ARM.Collect$$libinit$$00000033)
    __rt_lib_init_signal_1                   0x0080e43d   Thumb Code     0  libinit2.o(.ARM.Collect$$libinit$$0000001D)
    __rt_lib_init_stdio_1                    0x0080e43d   Thumb Code     0  libinit2.o(.ARM.Collect$$libinit$$00000025)
    __rt_entry                               0x0080e43f   Thumb Code     0  __rtentry.o(.ARM.Collect$$rtentry$$00000000)
    __rt_entry_presh_1                       0x0080e43f   Thumb Code     0  __rtentry2.o(.ARM.Collect$$rtentry$$00000002)
    __rt_entry_sh                            0x0080e43f   Thumb Code     0  __rtentry4.o(.ARM.Collect$$rtentry$$00000004)
    __rt_entry_li                            0x0080e445   Thumb Code     0  __rtentry2.o(.ARM.Collect$$rtentry$$0000000A)
    __rt_entry_postsh_1                      0x0080e445   Thumb Code     0  __rtentry2.o(.ARM.Collect$$rtentry$$00000009)
    __rt_entry_main                          0x0080e449   Thumb Code     0  __rtentry2.o(.ARM.Collect$$rtentry$$0000000D)
    __rt_entry_postli_1                      0x0080e449   Thumb Code     0  __rtentry2.o(.ARM.Collect$$rtentry$$0000000C)
    ram_init                                 0x0080e451   Thumb Code    62  system_rtl8762c.o(.app.flash.text)
    random_seed_init                         0x0080e48f   Thumb Code    92  system_rtl8762c.o(.app.flash.text)
    print_reset_reason                       0x0080e4eb   Thumb Code    76  system_rtl8762c.o(.app.flash.text)
    pre_main                                 0x0080e537   Thumb Code   104  system_rtl8762c.o(.app.flash.text)
    SystemInit                               0x0080e59f   Thumb Code   158  system_rtl8762c.o(.app.flash.text)
    rand                                     0x0080e6d1   Thumb Code    48  rand.o(.emb_text)
    ADC_Handler                              0x0080e705   Thumb Code     0  startup_rtl8762c.o(.text)
    BTMAC_Handler                            0x0080e705   Thumb Code     0  startup_rtl8762c.o(.text)
    BusFault_Handler                         0x0080e705   Thumb Code     0  startup_rtl8762c.o(.text)
    DebugMon_Handler                         0x0080e705   Thumb Code     0  startup_rtl8762c.o(.text)
    Default_Handler                          0x0080e705   Thumb Code    16  startup_rtl8762c.o(.text)
    GDMA0_Channel0_Handler                   0x0080e705   Thumb Code     0  startup_rtl8762c.o(.text)
    GDMA0_Channel1_Handler                   0x0080e705   Thumb Code     0  startup_rtl8762c.o(.text)
    GDMA0_Channel2_Handler                   0x0080e705   Thumb Code     0  startup_rtl8762c.o(.text)
    GDMA0_Channel3_Handler                   0x0080e705   Thumb Code     0  startup_rtl8762c.o(.text)
    GDMA0_Channel4_Handler                   0x0080e705   Thumb Code     0  startup_rtl8762c.o(.text)
    GDMA0_Channel5_Handler                   0x0080e705   Thumb Code     0  startup_rtl8762c.o(.text)
    GPIO0_Handler                            0x0080e705   Thumb Code     0  startup_rtl8762c.o(.text)
    GPIO10_Handler                           0x0080e705   Thumb Code     0  startup_rtl8762c.o(.text)
    GPIO11_Handler                           0x0080e705   Thumb Code     0  startup_rtl8762c.o(.text)
    GPIO12_Handler                           0x0080e705   Thumb Code     0  startup_rtl8762c.o(.text)
    GPIO13_Handler                           0x0080e705   Thumb Code     0  startup_rtl8762c.o(.text)
    GPIO14_Handler                           0x0080e705   Thumb Code     0  startup_rtl8762c.o(.text)
    GPIO15_Handler                           0x0080e705   Thumb Code     0  startup_rtl8762c.o(.text)
    GPIO16_Handler                           0x0080e705   Thumb Code     0  startup_rtl8762c.o(.text)
    GPIO17_Handler                           0x0080e705   Thumb Code     0  startup_rtl8762c.o(.text)
    GPIO18_Handler                           0x0080e705   Thumb Code     0  startup_rtl8762c.o(.text)
    GPIO19_Handler                           0x0080e705   Thumb Code     0  startup_rtl8762c.o(.text)
    GPIO1_Handler                            0x0080e705   Thumb Code     0  startup_rtl8762c.o(.text)
    GPIO20_Handler                           0x0080e705   Thumb Code     0  startup_rtl8762c.o(.text)
    GPIO21_Handler                           0x0080e705   Thumb Code     0  startup_rtl8762c.o(.text)
    GPIO22_Handler                           0x0080e705   Thumb Code     0  startup_rtl8762c.o(.text)
    GPIO23_Handler                           0x0080e705   Thumb Code     0  startup_rtl8762c.o(.text)
    GPIO24_Handler                           0x0080e705   Thumb Code     0  startup_rtl8762c.o(.text)
    GPIO25_Handler                           0x0080e705   Thumb Code     0  startup_rtl8762c.o(.text)
    GPIO26_Handler                           0x0080e705   Thumb Code     0  startup_rtl8762c.o(.text)
    GPIO27_Handler                           0x0080e705   Thumb Code     0  startup_rtl8762c.o(.text)
    GPIO28_Handler                           0x0080e705   Thumb Code     0  startup_rtl8762c.o(.text)
    GPIO29_Handler                           0x0080e705   Thumb Code     0  startup_rtl8762c.o(.text)
    GPIO2_Handler                            0x0080e705   Thumb Code     0  startup_rtl8762c.o(.text)
    GPIO30_Handler                           0x0080e705   Thumb Code     0  startup_rtl8762c.o(.text)
    GPIO31_Handler                           0x0080e705   Thumb Code     0  startup_rtl8762c.o(.text)
    GPIO3_Handler                            0x0080e705   Thumb Code     0  startup_rtl8762c.o(.text)
    GPIO4_Handler                            0x0080e705   Thumb Code     0  startup_rtl8762c.o(.text)
    GPIO5_Handler                            0x0080e705   Thumb Code     0  startup_rtl8762c.o(.text)
    GPIO6_Handler                            0x0080e705   Thumb Code     0  startup_rtl8762c.o(.text)
    GPIO7_Handler                            0x0080e705   Thumb Code     0  startup_rtl8762c.o(.text)
    GPIO8_Handler                            0x0080e705   Thumb Code     0  startup_rtl8762c.o(.text)
    GPIO9_Handler                            0x0080e705   Thumb Code     0  startup_rtl8762c.o(.text)
    HardFault_Handler                        0x0080e705   Thumb Code     0  startup_rtl8762c.o(.text)
    I2C0_Handler                             0x0080e705   Thumb Code     0  startup_rtl8762c.o(.text)
    I2C1_Handler                             0x0080e705   Thumb Code     0  startup_rtl8762c.o(.text)
    I2S0_RX_Handler                          0x0080e705   Thumb Code     0  startup_rtl8762c.o(.text)
    I2S0_TX_Handler                          0x0080e705   Thumb Code     0  startup_rtl8762c.o(.text)
    I2S1_RX_Handler                          0x0080e705   Thumb Code     0  startup_rtl8762c.o(.text)
    I2S1_TX_Handler                          0x0080e705   Thumb Code     0  startup_rtl8762c.o(.text)
    IR_Handler                               0x0080e705   Thumb Code     0  startup_rtl8762c.o(.text)
    Keyscan_Handler                          0x0080e705   Thumb Code     0  startup_rtl8762c.o(.text)
    LCD_Handler                              0x0080e705   Thumb Code     0  startup_rtl8762c.o(.text)
    LPCOMP_Handler                           0x0080e705   Thumb Code     0  startup_rtl8762c.o(.text)
    MemManage_Handler                        0x0080e705   Thumb Code     0  startup_rtl8762c.o(.text)
    NMI_Handler                              0x0080e705   Thumb Code     0  startup_rtl8762c.o(.text)
    PTA_Mailbox_Handler                      0x0080e705   Thumb Code     0  startup_rtl8762c.o(.text)
    PendSV_Handler                           0x0080e705   Thumb Code     0  startup_rtl8762c.o(.text)
    Peripheral_Handler                       0x0080e705   Thumb Code     0  startup_rtl8762c.o(.text)
    Qdecode_Handler                          0x0080e705   Thumb Code     0  startup_rtl8762c.o(.text)
    RTC_Handler                              0x0080e705   Thumb Code     0  startup_rtl8762c.o(.text)
    SPI0_Handler                             0x0080e705   Thumb Code     0  startup_rtl8762c.o(.text)
    SPI1_Handler                             0x0080e705   Thumb Code     0  startup_rtl8762c.o(.text)
    SPI2W_Handler                            0x0080e705   Thumb Code     0  startup_rtl8762c.o(.text)
    SPI_Flash_Handler                        0x0080e705   Thumb Code     0  startup_rtl8762c.o(.text)
    SVC_Handler                              0x0080e705   Thumb Code     0  startup_rtl8762c.o(.text)
    SysTick_Handler                          0x0080e705   Thumb Code     0  startup_rtl8762c.o(.text)
    Timer2_Handler                           0x0080e705   Thumb Code     0  startup_rtl8762c.o(.text)
    Timer3_Handler                           0x0080e705   Thumb Code     0  startup_rtl8762c.o(.text)
    Timer4_7_Handler                         0x0080e705   Thumb Code     0  startup_rtl8762c.o(.text)
    Timer4_Handler                           0x0080e705   Thumb Code     0  startup_rtl8762c.o(.text)
    Timer5_Handler                           0x0080e705   Thumb Code     0  startup_rtl8762c.o(.text)
    Timer6_Handler                           0x0080e705   Thumb Code     0  startup_rtl8762c.o(.text)
    Timer7_Handler                           0x0080e705   Thumb Code     0  startup_rtl8762c.o(.text)
    UART1_Handler                            0x0080e705   Thumb Code     0  startup_rtl8762c.o(.text)
    UART2_Handler                            0x0080e705   Thumb Code     0  startup_rtl8762c.o(.text)
    UsageFault_Handler                       0x0080e705   Thumb Code     0  startup_rtl8762c.o(.text)
    WDG_Handler                              0x0080e705   Thumb Code     0  startup_rtl8762c.o(.text)
    __user_setup_stackheap                   0x0080e715   Thumb Code     2  startup_rtl8762c.o(.text)
    common_main                              0x0080e755   Thumb Code    74  system_rtl8762c.o(.text)
    WDG_SystemReset                          0x0080e79f   Thumb Code    10  system_rtl8762c.o(.text)
    flash_try_high_speed                     0x0080e7a9   Thumb Code    48  system_rtl8762c.o(.text)
    malloc                                   0x0080e7d9   Thumb Code    14  system_rtl8762c.o(.text)
    calloc                                   0x0080e7e7   Thumb Code    16  system_rtl8762c.o(.text)
    realloc                                  0x0080e7f7   Thumb Code    30  system_rtl8762c.o(.text)
    free                                     0x0080e815   Thumb Code     4  system_rtl8762c.o(.text)
    app_cb0_wdg_reset                        0x0080e819   Thumb Code    16  system_rtl8762c.o(.text)
    app_cb5_dfu_status                       0x0080e829   Thumb Code    12  system_rtl8762c.o(.text)
    DLPS_IORegister                          0x0080e895   Thumb Code    22  rtl876x_io_dlps.o(.text)
    RCC_PeriphClockCmd                       0x0080e8b5   Thumb Code   292  rtl876x_rcc.o(.text)
    RCC_SPIClkDivConfig                      0x0080e9d9   Thumb Code   112  rtl876x_rcc.o(.text)
    RCC_I2CClkDivConfig                      0x0080ea49   Thumb Code   110  rtl876x_rcc.o(.text)
    RCC_UARTClkDivConfig                     0x0080eab7   Thumb Code   114  rtl876x_rcc.o(.text)
    RCC_PeriClockConfig                      0x0080eb29   Thumb Code   106  rtl876x_rcc.o(.text)
    RCC_PeriFunctionConfig                   0x0080eb93   Thumb Code    90  rtl876x_rcc.o(.text)
    UART_Init                                0x0080ec0d   Thumb Code   194  rtl876x_uart.o(.text)
    UART_DeInit                              0x0080eccf   Thumb Code    48  rtl876x_uart.o(.text)
    UART_StructInit                          0x0080ecff   Thumb Code    46  rtl876x_uart.o(.text)
    UART_ReceiveData                         0x0080ed2d   Thumb Code    16  rtl876x_uart.o(.text)
    UART_SendData                            0x0080ed3d   Thumb Code    16  rtl876x_uart.o(.text)
    UART_INTConfig                           0x0080ed4d   Thumb Code    86  rtl876x_uart.o(.text)
    UART_GetFlagState                        0x0080eda3   Thumb Code    28  rtl876x_uart.o(.text)
    UART_LoopBackCmd                         0x0080edbf   Thumb Code    20  rtl876x_uart.o(.text)
    aes128_ecb_encrypt_buffer                0x0080edf5   Thumb Code    52  hw_aes.o(.text)
    aes128_ecb_decrypt_buffer                0x0080ee29   Thumb Code    50  hw_aes.o(.text)
    aes128_ecb_encrypt_msb2lsb_buffer        0x0080ee5b   Thumb Code    50  hw_aes.o(.text)
    aes128_ecb_decrypt_msb2lsb_buffer        0x0080ee8d   Thumb Code    50  hw_aes.o(.text)
    aes256_ecb_encrypt_buffer                0x0080eebf   Thumb Code    50  hw_aes.o(.text)
    aes256_ecb_decrypt_buffer                0x0080eef1   Thumb Code    50  hw_aes.o(.text)
    aes256_ecb_encrypt_msb2lsb_buffer        0x0080ef23   Thumb Code    50  hw_aes.o(.text)
    aes256_ecb_decrypt_msb2lsb_buffer        0x0080ef55   Thumb Code    50  hw_aes.o(.text)
    aes128_cbc_encrypt                       0x0080ef87   Thumb Code   186  hw_aes.o(.text)
    aes128_cbc_decrypt                       0x0080f041   Thumb Code   184  hw_aes.o(.text)
    aes128_cbc_encrypt_msb2lsb               0x0080f0f9   Thumb Code    34  hw_aes.o(.text)
    aes128_cbc_decrypt_msb2lsb               0x0080f11b   Thumb Code    34  hw_aes.o(.text)
    aes256_cbc_encrypt                       0x0080f13d   Thumb Code   160  hw_aes.o(.text)
    aes256_cbc_decrypt                       0x0080f1dd   Thumb Code   156  hw_aes.o(.text)
    tuya_event_queue_send                    0x0080f295   Thumb Code    56  app_task.o(.text)
    app_main_task                            0x0080f2cd   Thumb Code   188  app_task.o(.text)
    app_task_init                            0x0080f389   Thumb Code    26  app_task.o(.text)
    app_le_gap_init                          0x0080f3b1   Thumb Code   346  main.o(.text)
    app_le_profile_init                      0x0080f50b   Thumb Code    28  main.o(.text)
    board_init                               0x0080f527   Thumb Code     4  main.o(.text)
    driver_init                              0x0080f52b   Thumb Code     4  main.o(.text)
    io_dlps_enter_cb                         0x0080f52f   Thumb Code     4  main.o(.text)
    io_dlps_exit_cb                          0x0080f533   Thumb Code     4  main.o(.text)
    io_dlps_check_cb                         0x0080f537   Thumb Code     4  main.o(.text)
    pwr_mgr_init                             0x0080f53b   Thumb Code    52  main.o(.text)
    io_uart_dlps_monitor_timer_start         0x0080f585   Thumb Code    34  main.o(.text)
    io_uart_dlps_monitor_timer_stop          0x0080f5a7   Thumb Code     6  main.o(.text)
    task_init                                0x0080f5ad   Thumb Code     4  main.o(.text)
    main                                     0x0080f5b1   Thumb Code    88  main.o(.text)
    System_Handler                           0x0080f609   Thumb Code    52  main.o(.text)
    app_ble_disconnect                       0x0080f685   Thumb Code    18  peripheral_app.o(.text)
    app_handle_authen_state_evt              0x0080f697   Thumb Code    80  peripheral_app.o(.text)
    app_handle_conn_param_update_evt         0x0080f6e7   Thumb Code   124  peripheral_app.o(.text)
    app_handle_conn_mtu_info_evt             0x0080f763   Thumb Code    20  peripheral_app.o(.text)
    app_handle_conn_state_evt                0x0080f777   Thumb Code   196  peripheral_app.o(.text)
    app_handle_dev_state_evt                 0x0080f83b   Thumb Code   132  peripheral_app.o(.text)
    app_handle_gap_msg                       0x0080f8bf   Thumb Code   318  peripheral_app.o(.text)
    app_handle_io_msg                        0x0080f9fd   Thumb Code    18  peripheral_app.o(.text)
    app_gap_callback                         0x0080fa0f   Thumb Code    80  peripheral_app.o(.text)
    app_profile_callback                     0x0080fa5f   Thumb Code   186  peripheral_app.o(.text)
    ble_value_notify                         0x0080fb19   Thumb Code    44  peripheral_app.o(.text)
    load_overlay                             0x0080fb55   Thumb Code    76  overlay_mgr.o(.text)
    get_current_scenario_index               0x0080fba1   Thumb Code    38  overlay_mgr.o(.text)
    global_data_uart_init                    0x0080fbd1   Thumb Code    18  uart.o(.text)
    uart_dlps_enter_allowed_set              0x0080fbe3   Thumb Code    32  uart.o(.text)
    board_uart_init                          0x0080fc03   Thumb Code    66  uart.o(.text)
    driver_uart_init                         0x0080fc45   Thumb Code   106  uart.o(.text)
    uart_dlps_enter                          0x0080fcaf   Thumb Code    32  uart.o(.text)
    uart_dlps_exit                           0x0080fccf   Thumb Code    22  uart.o(.text)
    uart_dlps_check                          0x0080fce5   Thumb Code     6  uart.o(.text)
    uart_senddata_continuous                 0x0080fceb   Thumb Code    74  uart.o(.text)
    kns_set_parameter                        0x0080fd4d   Thumb Code    54  tuya_ble_service_rtl8762c.o(.text)
    kns_attr_read_cb                         0x0080fd83   Thumb Code    98  tuya_ble_service_rtl8762c.o(.text)
    kns_cccd_update_cb                       0x0080fe63   Thumb Code    86  tuya_ble_service_rtl8762c.o(.text)
    kns_add_service                          0x0080feb9   Thumb Code    64  tuya_ble_service_rtl8762c.o(.text)
    custom_data_process                      0x0080ff0d   Thumb Code    94  tuya_ble_app_demo.o(.text)
    custom_evt_1_send_test                   0x0080ff6b   Thumb Code    24  tuya_ble_app_demo.o(.text)
    app_custom_task                          0x0080ff83   Thumb Code   514  tuya_ble_app_demo.o(.text)
    tuya_ble_app_init                        0x00810185   Thumb Code   196  tuya_ble_app_demo.o(.text)
    tuya_ota_init                            0x00810541   Thumb Code   192  tuya_ble_app_ota.o(.text)
    tuya_ota_init_disconnect                 0x00810d71   Thumb Code    24  tuya_ble_app_ota.o(.text)
    lock_flash                               0x00810d89   Thumb Code    14  tuya_ble_app_ota.o(.text)
    sil_dfu_update                           0x00810d97   Thumb Code   238  tuya_ble_app_ota.o(.text)
    unlock_flash_all                         0x00810e85   Thumb Code   588  tuya_ble_app_ota.o(.text)
    tuya_ota_proc                            0x0081139d   Thumb Code   126  tuya_ble_app_ota.o(.text)
    tuya_ota_status_set                      0x0081141b   Thumb Code     6  tuya_ble_app_ota.o(.text)
    tuya_ota_status_get                      0x00811421   Thumb Code     6  tuya_ble_app_ota.o(.text)
    tuya_ble_prod_beacon_scan_start          0x00811731   Thumb Code     4  custom_app_product_test.o(.text)
    tuya_ble_prod_beacon_scan_stop           0x00811735   Thumb Code     4  custom_app_product_test.o(.text)
    tuya_ble_prod_beacon_get_rssi_avg        0x00811739   Thumb Code     8  custom_app_product_test.o(.text)
    tuya_ble_prod_gpio_test                  0x00811741   Thumb Code     4  custom_app_product_test.o(.text)
    tuya_ble_custom_app_production_test_process 0x00811745   Thumb Code     2  custom_app_product_test.o(.text)
    tuya_ble_custom_app_uart_common_process  0x00811747   Thumb Code     2  custom_app_uart_common_handler.o(.text)
    tuya_ble_callback_queue_register         0x00811749   Thumb Code    40  tuya_ble_api.o(.text)
    tuya_ble_event_response                  0x00811771   Thumb Code     4  tuya_ble_api.o(.text)
    tuya_ble_gatt_receive_data               0x00811775   Thumb Code    66  tuya_ble_api.o(.text)
    tuya_ble_common_uart_receive_data        0x008118b9   Thumb Code   170  tuya_ble_api.o(.text)
    tuya_ble_common_uart_send_full_instruction_received 0x00811963   Thumb Code   130  tuya_ble_api.o(.text)
    tuya_ble_device_update_product_id        0x008119e5   Thumb Code    84  tuya_ble_api.o(.text)
    tuya_ble_device_update_login_key         0x00811a39   Thumb Code    74  tuya_ble_api.o(.text)
    tuya_ble_device_update_mcu_version       0x00811a83   Thumb Code    10  tuya_ble_api.o(.text)
    tuya_ble_device_update_bound_state       0x00811a8d   Thumb Code    66  tuya_ble_api.o(.text)
    tuya_ble_dp_data_report                  0x00811acf   Thumb Code   546  tuya_ble_api.o(.text)
    tuya_ble_dp_data_with_flag_report        0x00811cf1   Thumb Code   166  tuya_ble_api.o(.text)
    tuya_ble_dp_data_with_time_report        0x00811d97   Thumb Code   120  tuya_ble_api.o(.text)
    tuya_ble_dp_data_with_flag_and_time_report 0x00811e0f   Thumb Code   130  tuya_ble_api.o(.text)
    tuya_ble_dp_data_with_time_ms_string_report 0x00811e91   Thumb Code   126  tuya_ble_api.o(.text)
    tuya_ble_dp_data_with_flag_and_time_ms_string_report 0x00811f0f   Thumb Code   140  tuya_ble_api.o(.text)
    tuya_ble_data_passthrough                0x00811f9b   Thumb Code    86  tuya_ble_api.o(.text)
    tuya_ble_production_test_asynchronous_response 0x00811ff1   Thumb Code    80  tuya_ble_api.o(.text)
    tuya_ble_net_config_response             0x00812041   Thumb Code    48  tuya_ble_api.o(.text)
    tuya_ble_device_factory_reset            0x00812071   Thumb Code    42  tuya_ble_api.o(.text)
    tuya_ble_time_req                        0x0081209b   Thumb Code    54  tuya_ble_api.o(.text)
    tuya_ble_ota_response                    0x008120d1   Thumb Code   208  tuya_ble_api.o(.text)
    tuya_ble_connect_monitor_timer_start     0x008121c9   Thumb Code    38  tuya_ble_api.o(.text)
    tuya_ble_connect_monitor_timer_stop      0x008121ef   Thumb Code    38  tuya_ble_api.o(.text)
    tuya_ble_adv_data_connecting_request_set 0x00812215   Thumb Code    52  tuya_ble_api.o(.text)
    tuya_ble_connected_handler               0x00812249   Thumb Code    46  tuya_ble_api.o(.text)
    tuya_ble_disconnected_handler            0x00812277   Thumb Code    44  tuya_ble_api.o(.text)
    tuya_ble_sdk_init                        0x008122a3   Thumb Code  1540  tuya_ble_api.o(.text)
    tuya_ble_reset_ble_sn                    0x00812949   Thumb Code    26  tuya_ble_data_handler.o(.text)
    tuya_ble_set_device_version              0x00812963   Thumb Code     8  tuya_ble_data_handler.o(.text)
    tuya_ble_set_external_mcu_version        0x0081296b   Thumb Code    24  tuya_ble_data_handler.o(.text)
    tuya_ble_ota_status_set                  0x00812983   Thumb Code     6  tuya_ble_data_handler.o(.text)
    tuya_ble_ota_status_get                  0x00812989   Thumb Code     6  tuya_ble_data_handler.o(.text)
    tuya_ble_pair_rand_clear                 0x0081298f   Thumb Code    28  tuya_ble_data_handler.o(.text)
    tuya_ble_pair_rand_valid_get             0x008129ab   Thumb Code     6  tuya_ble_data_handler.o(.text)
    tuya_ble_air_recv_packet_free            0x008129b1   Thumb Code    26  tuya_ble_data_handler.o(.text)
    tuya_ble_commonData_rx_proc              0x00812b0b   Thumb Code  1376  tuya_ble_data_handler.o(.text)
    tuya_ble_commData_send                   0x0081306b   Thumb Code   718  tuya_ble_data_handler.o(.text)
    tuya_ble_device_unbond                   0x00813e6d   Thumb Code    60  tuya_ble_data_handler.o(.text)
    tuya_ble_evt_process                     0x00813ea9   Thumb Code  1212  tuya_ble_data_handler.o(.text)
    tuya_ble_handle_device_info_update_evt   0x00814791   Thumb Code    46  tuya_ble_event_handler.o(.text)
    tuya_ble_handle_dp_data_reported_evt     0x008147bf   Thumb Code    50  tuya_ble_event_handler.o(.text)
    tuya_ble_handle_dp_data_with_flag_reported_evt 0x008147f1   Thumb Code    50  tuya_ble_event_handler.o(.text)
    tuya_ble_handle_dp_data_with_time_reported_evt 0x00814823   Thumb Code   132  tuya_ble_event_handler.o(.text)
    tuya_ble_handle_dp_data_with_flag_and_time_reported_evt 0x008148a7   Thumb Code   150  tuya_ble_event_handler.o(.text)
    tuya_ble_handle_dp_data_with_time_string_reported_evt 0x0081493d   Thumb Code   126  tuya_ble_event_handler.o(.text)
    tuya_ble_handle_dp_data_with_flag_and_time_string_reported_evt 0x008149bb   Thumb Code   140  tuya_ble_event_handler.o(.text)
    tuya_ble_handle_factory_reset_evt        0x00814a47   Thumb Code    60  tuya_ble_event_handler.o(.text)
    tuya_ble_handle_ota_response_evt         0x00814a83   Thumb Code    88  tuya_ble_event_handler.o(.text)
    tuya_ble_handle_data_passthrough_evt     0x00814adb   Thumb Code    60  tuya_ble_event_handler.o(.text)
    tuya_ble_handle_data_prod_test_response_evt 0x00814b17   Thumb Code    66  tuya_ble_event_handler.o(.text)
    tuya_ble_handle_uart_cmd_evt             0x00814b59   Thumb Code   256  tuya_ble_event_handler.o(.text)
    tuya_ble_handle_ble_cmd_evt              0x00814c59   Thumb Code    32  tuya_ble_event_handler.o(.text)
    tuya_ble_handle_net_config_response_evt  0x00814c79   Thumb Code    46  tuya_ble_event_handler.o(.text)
    tuya_ble_handle_time_request_evt         0x00814ca7   Thumb Code    46  tuya_ble_event_handler.o(.text)
    tuya_ble_handle_unbound_response_evt     0x00814cd5   Thumb Code     2  tuya_ble_event_handler.o(.text)
    tuya_ble_handle_anomaly_unbound_response_evt 0x00814cd7   Thumb Code     2  tuya_ble_event_handler.o(.text)
    tuya_ble_handle_device_reset_response_evt 0x00814cd9   Thumb Code     2  tuya_ble_event_handler.o(.text)
    tuya_ble_handle_connecting_request_evt   0x00814cdb   Thumb Code    38  tuya_ble_event_handler.o(.text)
    tuya_ble_handle_connect_change_evt       0x00814d01   Thumb Code   196  tuya_ble_event_handler.o(.text)
    tuya_ble_handle_ble_data_evt             0x00814dc5   Thumb Code     4  tuya_ble_event_handler.o(.text)
    pvTuyaPortMalloc                         0x00814ee5   Thumb Code   148  tuya_ble_heap.o(.text)
    vTuyaPortFree                            0x00814f79   Thumb Code    60  tuya_ble_heap.o(.text)
    xTuyaPortGetFreeHeapSize                 0x00814fb5   Thumb Code     8  tuya_ble_heap.o(.text)
    xTuyaPortGetMinimumEverFreeHeapSize      0x00814fbd   Thumb Code     8  tuya_ble_heap.o(.text)
    vTuyaPortInitialiseBlocks                0x00814fc5   Thumb Code     2  tuya_ble_heap.o(.text)
    tuya_ble_connect_status_set              0x00815011   Thumb Code    20  tuya_ble_main.o(.text)
    tuya_ble_connect_status_get              0x00815025   Thumb Code     6  tuya_ble_main.o(.text)
    tuya_ble_event_init                      0x0081502b   Thumb Code    20  tuya_ble_main.o(.text)
    tuya_ble_event_send                      0x0081503f   Thumb Code    18  tuya_ble_main.o(.text)
    tuya_ble_custom_event_send               0x00815051   Thumb Code    36  tuya_ble_main.o(.text)
    tuya_ble_inter_event_response            0x00815075   Thumb Code    40  tuya_ble_main.o(.text)
    tuya_ble_cb_event_send                   0x0081509d   Thumb Code    28  tuya_ble_main.o(.text)
    tuya_ble_get_adv_connect_request_bit_status 0x008150b9   Thumb Code    10  tuya_ble_main.o(.text)
    tuya_ble_adv_change                      0x008150c3   Thumb Code   316  tuya_ble_main.o(.text)
    tuya_ble_adv_change_with_connecting_request 0x008151ff   Thumb Code   318  tuya_ble_main.o(.text)
    tuya_ble_malloc                          0x00815391   Thumb Code    22  tuya_ble_mem.o(.text)
    tuya_ble_free                            0x008153a7   Thumb Code    14  tuya_ble_mem.o(.text)
    tuya_ble_calloc_n                        0x008153b5   Thumb Code    24  tuya_ble_mem.o(.text)
    tuya_ble_free_n                          0x008153cd   Thumb Code     4  tuya_ble_mem.o(.text)
    create_trsmitr_init                      0x008153d1   Thumb Code    26  tuya_ble_mutli_tsf_protocol.o(.text)
    trsmitr_init                             0x008153eb   Thumb Code     6  tuya_ble_mutli_tsf_protocol.o(.text)
    delete_trsmitr                           0x008153f1   Thumb Code     4  tuya_ble_mutli_tsf_protocol.o(.text)
    get_trsmitr_frame_total_len              0x008153f5   Thumb Code     4  tuya_ble_mutli_tsf_protocol.o(.text)
    get_trsmitr_frame_version                0x008153f9   Thumb Code     4  tuya_ble_mutli_tsf_protocol.o(.text)
    get_trsmitr_frame_seq                    0x008153fd   Thumb Code     4  tuya_ble_mutli_tsf_protocol.o(.text)
    get_trsmitr_subpkg_len                   0x00815401   Thumb Code     4  tuya_ble_mutli_tsf_protocol.o(.text)
    get_trsmitr_subpkg                       0x00815405   Thumb Code     4  tuya_ble_mutli_tsf_protocol.o(.text)
    trsmitr_send_pkg_encode                  0x00815409   Thumb Code   232  tuya_ble_mutli_tsf_protocol.o(.text)
    trsmitr_recv_pkg_decode                  0x008154f1   Thumb Code   256  tuya_ble_mutli_tsf_protocol.o(.text)
    free_klv_list                            0x008155f1   Thumb Code    28  tuya_ble_mutli_tsf_protocol.o(.text)
    make_klv_list                            0x0081560d   Thumb Code   170  tuya_ble_mutli_tsf_protocol.o(.text)
    klvlist_2_data                           0x008156b7   Thumb Code   128  tuya_ble_mutli_tsf_protocol.o(.text)
    data_2_klvlist                           0x00815737   Thumb Code   222  tuya_ble_mutli_tsf_protocol.o(.text)
    tuya_ble_storage_save_sys_settings       0x00815889   Thumb Code   168  tuya_ble_storage.o(.text)
    tuya_ble_storage_save_auth_settings      0x00815931   Thumb Code   156  tuya_ble_storage.o(.text)
    tuya_ble_storage_load_settings           0x008159cd   Thumb Code   378  tuya_ble_storage.o(.text)
    tuya_ble_storage_init                    0x00815b47   Thumb Code    16  tuya_ble_storage.o(.text)
    tuya_ble_storage_write_pid               0x00815b57   Thumb Code   814  tuya_ble_storage.o(.text)
    tuya_ble_storage_write_hid               0x00815e85   Thumb Code    48  tuya_ble_storage.o(.text)
    tuya_ble_storage_read_id_info            0x00815eb5   Thumb Code    92  tuya_ble_storage.o(.text)
    tuya_ble_storage_write_auth_key_device_id_mac 0x00815f11   Thumb Code   256  tuya_ble_storage.o(.text)
    tuya_ble_utc_sec_2_mytime                0x00816083   Thumb Code   140  tuya_ble_unix_time.o(.text)
    tuya_ble_mytime_2_utc_sec                0x0081610f   Thumb Code   128  tuya_ble_unix_time.o(.text)
    tuya_ble_utc_sec_2_mytime_string         0x0081618f   Thumb Code   246  tuya_ble_unix_time.o(.text)
    tuya_ble_inverted_array                  0x00816329   Thumb Code    28  tuya_ble_utils.o(.text)
    tuya_ble_buffer_value_is_all_x           0x00816345   Thumb Code    30  tuya_ble_utils.o(.text)
    tuya_ble_check_sum                       0x00816363   Thumb Code    22  tuya_ble_utils.o(.text)
    tuya_ble_check_num                       0x00816379   Thumb Code    32  tuya_ble_utils.o(.text)
    tuya_ble_hextoascii                      0x00816399   Thumb Code    64  tuya_ble_utils.o(.text)
    tuya_ble_asciitohex                      0x008163d9   Thumb Code   122  tuya_ble_utils.o(.text)
    tuya_ble_char_2_ascii                    0x00816453   Thumb Code    42  tuya_ble_utils.o(.text)
    tuya_ble_str_to_hex                      0x0081647d   Thumb Code    62  tuya_ble_utils.o(.text)
    tuya_ble_swap                            0x008164bb   Thumb Code    10  tuya_ble_utils.o(.text)
    tuya_ble_hex2int                         0x008164c5   Thumb Code   154  tuya_ble_utils.o(.text)
    tuya_ble_hexstr2int                      0x0081655f   Thumb Code    46  tuya_ble_utils.o(.text)
    tuya_ble_hexstr2hex                      0x0081658d   Thumb Code    40  tuya_ble_utils.o(.text)
    tuya_ble_swap24                          0x008165b5   Thumb Code    12  tuya_ble_utils.o(.text)
    tuya_ble_swap32                          0x008165c1   Thumb Code    12  tuya_ble_utils.o(.text)
    tuya_ble_swap48                          0x008165cd   Thumb Code    12  tuya_ble_utils.o(.text)
    tuya_ble_swap56                          0x008165d9   Thumb Code    12  tuya_ble_utils.o(.text)
    tuya_ble_swap64                          0x008165e5   Thumb Code    12  tuya_ble_utils.o(.text)
    tuya_ble_swap128                         0x008165f1   Thumb Code    12  tuya_ble_utils.o(.text)
    tuya_ble_crc16_compute                   0x008165fd   Thumb Code    56  tuya_ble_utils.o(.text)
    tuya_ble_crc32_compute                   0x00816635   Thumb Code    54  tuya_ble_utils.o(.text)
    tuya_ble_is_word_aligned_tuya            0x0081666b   Thumb Code    12  tuya_ble_utils.o(.text)
    tuya_ble_device_id_20_to_16              0x00816677   Thumb Code   150  tuya_ble_utils.o(.text)
    tuya_ble_device_id_16_to_20              0x0081670d   Thumb Code   136  tuya_ble_utils.o(.text)
    tuya_ble_queue_init                      0x008167b5   Thumb Code    26  tuya_ble_queue.o(.text)
    tuya_ble_enqueue                         0x008167cf   Thumb Code    56  tuya_ble_queue.o(.text)
    tuya_ble_queue_get                       0x00816807   Thumb Code    32  tuya_ble_queue.o(.text)
    tuya_ble_dequeue                         0x00816827   Thumb Code    56  tuya_ble_queue.o(.text)
    tuya_ble_queue_decrease                  0x0081685f   Thumb Code    30  tuya_ble_queue.o(.text)
    tuya_ble_queue_flush                     0x0081687d   Thumb Code    10  tuya_ble_queue.o(.text)
    tuya_ble_get_queue_used                  0x00816887   Thumb Code     4  tuya_ble_queue.o(.text)
    tuya_ble_gatt_send_queue_init            0x0081688d   Thumb Code    20  tuya_ble_gatt_send_queue.o(.text)
    tuya_ble_gatt_send_data_handle           0x008168c3   Thumb Code   138  tuya_ble_gatt_send_queue.o(.text)
    tuya_ble_gatt_send_data_enqueue          0x0081694d   Thumb Code    76  tuya_ble_gatt_send_queue.o(.text)
    tuya_ble_internal_production_test_with_ble_flag_clear 0x008169d9   Thumb Code     8  tuya_ble_app_production_test.o(.text)
    tuya_ble_app_production_test_process     0x00817381   Thumb Code   928  tuya_ble_app_production_test.o(.text)
    tuya_ble_uart_common_mcu_ota_data_from_ble_handler 0x00817815   Thumb Code   300  tuya_ble_app_uart_common_handler.o(.text)
    tuya_ble_uart_common_process             0x00817a07   Thumb Code    42  tuya_ble_app_uart_common_handler.o(.text)
    hmac_sha1_init                           0x00817ae1   Thumb Code     6  hmac.o(.text)
    hmac_sha1_free                           0x00817ae7   Thumb Code     6  hmac.o(.text)
    hmac_sha1_setup                          0x00817aed   Thumb Code     4  hmac.o(.text)
    hmac_sha1_starts                         0x00817af1   Thumb Code   126  hmac.o(.text)
    hmac_sha1_update                         0x00817b6f   Thumb Code    12  hmac.o(.text)
    hmac_sha1_finish                         0x00817b7b   Thumb Code    58  hmac.o(.text)
    hmac_sha1_reset                          0x00817bb5   Thumb Code    24  hmac.o(.text)
    hmac_sha1_crypt                          0x00817bcd   Thumb Code    70  hmac.o(.text)
    hmac_sha256_init                         0x00817c13   Thumb Code     6  hmac.o(.text)
    hmac_sha256_free                         0x00817c19   Thumb Code     6  hmac.o(.text)
    hmac_sha256_setup                        0x00817c1f   Thumb Code     4  hmac.o(.text)
    hmac_sha256_starts                       0x00817c23   Thumb Code   130  hmac.o(.text)
    hmac_sha256_update                       0x00817ca5   Thumb Code    12  hmac.o(.text)
    hmac_sha256_finish                       0x00817cb1   Thumb Code    60  hmac.o(.text)
    hmac_sha256_reset                        0x00817ced   Thumb Code    26  hmac.o(.text)
    hmac_sha256_crypt                        0x00817d07   Thumb Code    68  hmac.o(.text)
    sha256_hkdf                              0x00817d4b   Thumb Code   178  hmac.o(.text)
    mbedtls_md5_init                         0x00817dfd   Thumb Code     6  md5.o(.text)
    mbedtls_md5_free                         0x00817e03   Thumb Code    12  md5.o(.text)
    mbedtls_md5_clone                        0x00817e0f   Thumb Code     6  md5.o(.text)
    mbedtls_md5_starts_ret                   0x00817e15   Thumb Code    30  md5.o(.text)
    mbedtls_md5_starts                       0x00817e33   Thumb Code     2  md5.o(.text)
    mbedtls_internal_md5_process             0x00817e35   Thumb Code  1910  md5.o(.text)
    mbedtls_md5_process                      0x008185ab   Thumb Code     2  md5.o(.text)
    mbedtls_md5_update_ret                   0x008185ad   Thumb Code   118  md5.o(.text)
    mbedtls_md5_update                       0x00818623   Thumb Code     2  md5.o(.text)
    mbedtls_md5_finish_ret                   0x00818625   Thumb Code   224  md5.o(.text)
    mbedtls_md5_finish                       0x00818705   Thumb Code     2  md5.o(.text)
    mbedtls_md5_ret                          0x00818707   Thumb Code    62  md5.o(.text)
    mbedtls_md5                              0x00818745   Thumb Code     2  md5.o(.text)
    mbedtls_sha1_init                        0x008187d1   Thumb Code     6  sha1.o(.text)
    mbedtls_sha1_free                        0x008187d7   Thumb Code    12  sha1.o(.text)
    mbedtls_sha1_clone                       0x008187e3   Thumb Code     6  sha1.o(.text)
    mbedtls_sha1_starts_ret                  0x008187e9   Thumb Code    34  sha1.o(.text)
    mbedtls_sha1_starts                      0x0081880b   Thumb Code     2  sha1.o(.text)
    mbedtls_internal_sha1_process            0x0081880d   Thumb Code  5054  sha1.o(.text)
    mbedtls_sha1_process                     0x00819bcb   Thumb Code     4  sha1.o(.text)
    mbedtls_sha1_update_ret                  0x00819bcf   Thumb Code   118  sha1.o(.text)
    mbedtls_sha1_update                      0x00819c45   Thumb Code     2  sha1.o(.text)
    mbedtls_sha1_finish_ret                  0x00819c47   Thumb Code   246  sha1.o(.text)
    mbedtls_sha1_finish                      0x00819d3d   Thumb Code     2  sha1.o(.text)
    mbedtls_sha1_ret                         0x00819d3f   Thumb Code    62  sha1.o(.text)
    mbedtls_sha1                             0x00819d7d   Thumb Code     2  sha1.o(.text)
    mbedtls_sha256_init                      0x00819d81   Thumb Code     6  sha256.o(.text)
    mbedtls_sha256_free                      0x00819d87   Thumb Code    12  sha256.o(.text)
    mbedtls_sha256_clone                     0x00819d93   Thumb Code     6  sha256.o(.text)
    mbedtls_sha256_starts_ret                0x00819d99   Thumb Code    78  sha256.o(.text)
    mbedtls_sha256_starts                    0x00819de7   Thumb Code     2  sha256.o(.text)
    mbedtls_internal_sha256_process          0x00819de9   Thumb Code  2138  sha256.o(.text)
    mbedtls_sha256_process                   0x0081a643   Thumb Code     4  sha256.o(.text)
    mbedtls_sha256_update_ret                0x0081a647   Thumb Code   118  sha256.o(.text)
    mbedtls_sha256_update                    0x0081a6bd   Thumb Code     2  sha256.o(.text)
    mbedtls_sha256_finish_ret                0x0081a6bf   Thumb Code   322  sha256.o(.text)
    mbedtls_sha256_finish                    0x0081a801   Thumb Code     2  sha256.o(.text)
    mbedtls_sha256_ret                       0x0081a803   Thumb Code    66  sha256.o(.text)
    mbedtls_sha256                           0x0081a845   Thumb Code     2  sha256.o(.text)
    tuya_ble_gap_advertising_adv_data_update 0x0081a849   Thumb Code    20  tuya_ble_port_rtl8762.o(.text)
    tuya_ble_gap_advertising_scan_rsp_data_update 0x0081a85d   Thumb Code    20  tuya_ble_port_rtl8762.o(.text)
    tuya_ble_gap_disconnect                  0x0081a871   Thumb Code    14  tuya_ble_port_rtl8762.o(.text)
    tuya_ble_gatt_send_data                  0x0081a87f   Thumb Code    18  tuya_ble_port_rtl8762.o(.text)
    tuya_ble_common_uart_init                0x0081a891   Thumb Code     4  tuya_ble_port_rtl8762.o(.text)
    tuya_ble_common_uart_send_data           0x0081a895   Thumb Code    16  tuya_ble_port_rtl8762.o(.text)
    tuya_ble_timer_create                    0x0081a8a5   Thumb Code    30  tuya_ble_port_rtl8762.o(.text)
    tuya_ble_timer_delete                    0x0081a8c3   Thumb Code    18  tuya_ble_port_rtl8762.o(.text)
    tuya_ble_timer_start                     0x0081a8d5   Thumb Code    18  tuya_ble_port_rtl8762.o(.text)
    tuya_ble_timer_stop                      0x0081a8e7   Thumb Code    18  tuya_ble_port_rtl8762.o(.text)
    tuya_ble_device_delay_ms                 0x0081a8f9   Thumb Code     4  tuya_ble_port_rtl8762.o(.text)
    tuya_ble_rand_generator                  0x0081a8fd   Thumb Code    50  tuya_ble_port_rtl8762.o(.text)
    tuya_ble_device_reset                    0x0081a92f   Thumb Code    14  tuya_ble_port_rtl8762.o(.text)
    tuya_ble_gap_addr_get                    0x0081a93d   Thumb Code    26  tuya_ble_port_rtl8762.o(.text)
    tuya_ble_gap_addr_set                    0x0081a957   Thumb Code    18  tuya_ble_port_rtl8762.o(.text)
    tuya_ble_device_enter_critical           0x0081a969   Thumb Code    12  tuya_ble_port_rtl8762.o(.text)
    tuya_ble_device_exit_critical            0x0081a975   Thumb Code     8  tuya_ble_port_rtl8762.o(.text)
    tuya_ble_rtc_get_timestamp               0x0081a97d   Thumb Code    10  tuya_ble_port_rtl8762.o(.text)
    tuya_ble_rtc_set_timestamp               0x0081a987   Thumb Code     4  tuya_ble_port_rtl8762.o(.text)
    tuya_ble_nv_init                         0x0081a98b   Thumb Code     4  tuya_ble_port_rtl8762.o(.text)
    tuya_ble_nv_erase                        0x0081a98f   Thumb Code     4  tuya_ble_port_rtl8762.o(.text)
    tuya_ble_nv_write                        0x0081a993   Thumb Code    22  tuya_ble_port_rtl8762.o(.text)
    tuya_ble_nv_read                         0x0081a9a9   Thumb Code    22  tuya_ble_port_rtl8762.o(.text)
    tuya_ble_os_task_create                  0x0081a9bf   Thumb Code    16  tuya_ble_port_rtl8762.o(.text)
    tuya_ble_os_task_delete                  0x0081a9cf   Thumb Code     4  tuya_ble_port_rtl8762.o(.text)
    tuya_ble_os_task_suspend                 0x0081a9d3   Thumb Code     4  tuya_ble_port_rtl8762.o(.text)
    tuya_ble_os_task_resume                  0x0081a9d7   Thumb Code     4  tuya_ble_port_rtl8762.o(.text)
    tuya_ble_os_msg_queue_create             0x0081a9db   Thumb Code    16  tuya_ble_port_rtl8762.o(.text)
    tuya_ble_os_msg_queue_delete             0x0081a9eb   Thumb Code    12  tuya_ble_port_rtl8762.o(.text)
    tuya_ble_os_msg_queue_peek               0x0081a9f7   Thumb Code    12  tuya_ble_port_rtl8762.o(.text)
    tuya_ble_os_msg_queue_send               0x0081aa03   Thumb Code    18  tuya_ble_port_rtl8762.o(.text)
    tuya_ble_os_msg_queue_recv               0x0081aa15   Thumb Code    18  tuya_ble_port_rtl8762.o(.text)
    tuya_ble_event_queue_send_port           0x0081aa27   Thumb Code     4  tuya_ble_port_rtl8762.o(.text)
    tuya_ble_aes128_ecb_encrypt              0x0081aa2b   Thumb Code    50  tuya_ble_port_rtl8762.o(.text)
    tuya_ble_aes128_ecb_decrypt              0x0081aa5d   Thumb Code    48  tuya_ble_port_rtl8762.o(.text)
    tuya_ble_aes128_cbc_encrypt              0x0081aa8d   Thumb Code   104  tuya_ble_port_rtl8762.o(.text)
    tuya_ble_aes128_cbc_decrypt              0x0081aaf5   Thumb Code   102  tuya_ble_port_rtl8762.o(.text)
    tuya_ble_md5_crypt                       0x0081ab5b   Thumb Code    52  tuya_ble_port_rtl8762.o(.text)
    tuya_ble_hmac_sha1_crypt                 0x0081ab8f   Thumb Code    14  tuya_ble_port_rtl8762.o(.text)
    tuya_ble_hmac_sha256_crypt               0x0081ab9d   Thumb Code    14  tuya_ble_port_rtl8762.o(.text)
    get_args                                 0x0081abab   Thumb Code    40  tuya_ble_port_rtl8762.o(.text)
    log_hexdump                              0x0081abd3   Thumb Code   154  tuya_ble_port_rtl8762.o(.text)
    gap_lib_handle_btif_msg                  0x0081ac99   Thumb Code    52  gap_lib.o(.text)
    gap_lib_init                             0x0081accd   Thumb Code    74  gap_lib.o(.text)
    gap_sw_reset_req                         0x0081ad21   Thumb Code    62  gap_lib_patch.o(.text)
    le_handle_sw_reset_rsp                   0x0081ad5f   Thumb Code    42  gap_lib_patch.o(.text)
    le_check_privacy_bond                    0x0081ad89   Thumb Code   106  gap_lib_patch.o(.text)
    le_bond_just_work_confirm                0x0081adf3   Thumb Code    36  gap_lib_patch.o(.text)
    le_gen_rand_addr                         0x0081ae17   Thumb Code   168  gap_lib_patch.o(.text)
    le_bond_get_sec_level                    0x0081aebf   Thumb Code    74  gap_lib_patch.o(.text)
    gap_set_lps_bootup_active_time           0x0081af31   Thumb Code    52  gap_vendor_cmd.o(.text)
    lps_get_wakeup_time                      0x0081af65   Thumb Code    22  gap_vendor_cmd.o(.text)
    le_handle_vendor_cmd_rsp                 0x0081af7b   Thumb Code    72  gap_vendor_cmd.o(.text)
    gap_vendor_cmd_req                       0x0081afc3   Thumb Code    16  gap_vendor_cmd.o(.text)
    le_handle_vendor_evt_info                0x0081afd3   Thumb Code    22  gap_vendor_cmd.o(.text)
    le_vendor_modify_bt_le_fw_policy         0x0081afe9   Thumb Code    74  gap_vendor_cmd.o(.text)
    __aeabi_uldivmod                         0x0081b041   Thumb Code     0  lludivv7m.o(.text)
    _ll_udiv                                 0x0081b041   Thumb Code   238  lludivv7m.o(.text)
    __2sprintf                               0x0081b131   Thumb Code    38  __2sprintf.o(.text)
    __printf                                 0x0081b15d   Thumb Code   104  __printf.o(.text)
    _printf_str                              0x0081b1c5   Thumb Code    82  _printf_str.o(.text)
    _printf_int_dec                          0x0081b219   Thumb Code   104  _printf_dec.o(.text)
    atoll                                    0x0081b291   Thumb Code    26  atoll.o(.text)
    srand                                    0x0081b2ad   Thumb Code    42  rand.o(.text)
    _rand_init                               0x0081b2d7   Thumb Code     4  rand.o(.text)
    __aeabi_errno_addr                       0x0081b2e9   Thumb Code     8  rt_errno_addr.o(.text)
    __errno                                  0x0081b2e9   Thumb Code     0  rt_errno_addr.o(.text)
    __rt_errno_addr                          0x0081b2e9   Thumb Code     0  rt_errno_addr.o(.text)
    _printf_int_common                       0x0081b2f1   Thumb Code   178  _printf_intcommon.o(.text)
    _printf_char_common                      0x0081b3af   Thumb Code    32  _printf_char_common.o(.text)
    _sputc                                   0x0081b3d5   Thumb Code    10  _sputc.o(.text)
    _printf_cs_common                        0x0081b3df   Thumb Code    20  _printf_char.o(.text)
    _printf_char                             0x0081b3f3   Thumb Code    16  _printf_char.o(.text)
    _printf_string                           0x0081b403   Thumb Code     8  _printf_char.o(.text)
    __strtoll                                0x0081b40b   Thumb Code   144  __strtoll.o(.text)
    __rt_ctype_table                         0x0081b49d   Thumb Code    16  rt_ctype_table.o(.text)
    _strtoull                                0x0081b4ad   Thumb Code   194  _strtoull.o(.text)
    __rt_locale                              0x0081b571   Thumb Code     8  rt_locale.o(.text)
    _chval                                   0x0081b579   Thumb Code    28  _chval.o(.text)
    UpdateMAC                                0x0081b595   Thumb Code    68  rtl876x_lib_platform.o(i.UpdateMAC)
    cfg_add_item                             0x0081b6d1   Thumb Code   246  rtl876x_lib_cfg_int.o(i.cfg_add_item)
    cfg_find_item                            0x0081b805   Thumb Code   158  rtl876x_lib_cfg_int.o(i.cfg_find_item)
    flash_lock_new                           0x0081b8e5   Thumb Code    62  rtl8762c_lib_flash.o(i.flash_lock_new)
    flash_set_block_protect_locked           0x0081b931   Thumb Code    38  rtl8762c_lib_flash.o(i.flash_set_block_protect_locked)
    flash_sw_protect_unlock_by_addr_locked   0x0081b957   Thumb Code    42  rtl8762c_lib_flash.o(i.flash_sw_protect_unlock_by_addr_locked)
    flash_unlock_new                         0x0081b981   Thumb Code    44  rtl8762c_lib_flash.o(i.flash_unlock_new)
    tuya_ble_decryption                      0x0081ba75   Thumb Code   178  tuya_ble_secure.o(i.tuya_ble_decryption)
    tuya_ble_device_id_encrypt               0x0081bb2d   Thumb Code    88  tuya_ble_secure.o(i.tuya_ble_device_id_encrypt)
    tuya_ble_encrypt_old_with_key            0x0081bbc3   Thumb Code    82  tuya_ble_secure.o(i.tuya_ble_encrypt_old_with_key)
    tuya_ble_encryption                      0x0081bc15   Thumb Code   138  tuya_ble_secure.o(i.tuya_ble_encryption)
    tuya_ble_event_process                   0x0081bc9f   Thumb Code   234  tuya_ble_secure.o(i.tuya_ble_event_process)
    tuya_ble_register_key_generate           0x0081bfad   Thumb Code    30  tuya_ble_secure.o(i.tuya_ble_register_key_generate)
    _get_lc_ctype                            0x0081bfd1   Thumb Code    44  lc_ctype_c.o(locale$$code)
    _fp_init                                 0x0081bffd   Thumb Code    10  fpinit.o(x$fpl$fpinit)
    __fplib_config_fpu_vfp                   0x0081c005   Thumb Code     0  fpinit.o(x$fpl$fpinit)
    __fplib_config_pureend_doubles           0x0081c005   Thumb Code     0  fpinit.o(x$fpl$fpinit)
    app_cb_table                             0x0081c008   Data          32  system_rtl8762c.o(.constdata)
    GATT_UUID16_KNS_SERVICE                  0x0081c1b8   Data           2  tuya_ble_service_rtl8762c.o(.constdata)
    kns_cbs                                  0x0081c264   Data          12  tuya_ble_service_rtl8762c.o(.constdata)
    __ctype                                  0x0081d9ad   Data           0  lc_ctype_c.o(locale$$data)
    Load$$RAM_VECTOR_TABLE$$RO$$Base         0x0081dab0   Number         0  anon$$obj.o ABSOLUTE
    Load$$RAM_DATA_ON$$RO$$Base              0x0081dba4   Number         0  anon$$obj.o ABSOLUTE
    Load$$RAM_DATA_ON$$RW$$Base              0x0081e060   Number         0  anon$$obj.o ABSOLUTE
    Load$$OVERLAY_A$$RO$$Base                0x0081e0e8   Number         0  anon$$obj.o ABSOLUTE
    Load$$CACHE_DATA_ON$$RO$$Base            0x0081e1a8   Number         0  anon$$obj.o ABSOLUTE
    Load$$CACHE_DATA_ON$$RW$$Base            0x0081e1a8   Number         0  anon$$obj.o ABSOLUTE
    Load$$OVERLAY_A$$RW$$Base                0x0081e1a8   Number         0  anon$$obj.o ABSOLUTE
    Load$$OVERLAY_B$$RO$$Base                0x0081e1a8   Number         0  anon$$obj.o ABSOLUTE
    Load$$OVERLAY_B$$RW$$Base                0x0081e1a8   Number         0  anon$$obj.o ABSOLUTE
    Load$$OVERLAY_C$$RO$$Base                0x0081e1a8   Number         0  anon$$obj.o ABSOLUTE
    Load$$OVERLAY_C$$RW$$Base                0x0081e1a8   Number         0  anon$$obj.o ABSOLUTE



==============================================================================

Memory Map of the image

  Image Entry point : 0x0080e409

  Load Region LOAD_FLASH (Base: 0x0080e000, Size: 0x000101a8, Max: 0x00017000, ABSOLUTE)

    Execution Region RAM_VECTOR_TABLE (Exec base: 0x00200000, Load base: 0x0081dab0, Size: 0x000000f4, Max: 0x000000f4, OVERLAY)

    Exec Addr    Load Addr    Size         Type   Attr      Idx    E Section Name        Object

    0x00200000   0x0081dab0   0x000000f4   Data   RO            1    VECTOR              startup_rtl8762c.o


    Execution Region RAM_DATA_ON (Exec base: 0x00207c00, Load base: 0x0081dba4, Size: 0x00002078, Max: 0x0000a000, OVERLAY)

    Exec Addr    Load Addr    Size         Type   Attr      Idx    E Section Name        Object

    0x00207c00   0x0081dba4   0x00000124   Code   RO           17    .ram.dataon.data    system_rtl8762c.o
    0x00207d24   0x0081dcc8   0x0000018c   Code   RO          181    .ram.dataon.data    rtl876x_io_dlps.o
    0x00207eb0   0x0081de54   0x000000c0   Code   RO          548    .ram.dataon.data    uart.o
    0x00207f70   0x0081df14   0x0000014c   Code   RO          684    .ram.dataon.data    tuya_ble_app_ota.o
    0x002080bc   0x0081e060   0x00000004   Data   RW           25    .data               system_rtl8762c.o
    0x002080c0   0x0081e064   0x0000006c   Data   RW          530    .data               overlay_mgr.o
    0x0020812c   0x0081e0d0   0x00000001   Data   RW          690    .data               tuya_ble_app_ota.o
    0x0020812d   0x0081e0d1   0x00000003   PAD
    0x00208130   0x0081e0d4   0x00000012   Data   RW          818    .data               tuya_ble_data_handler.o
    0x00208142   0x0081e0e6   0x00000001   Data   RW          895    .data               tuya_ble_main.o
    0x00208143   0x0081e0e7   0x00000001   PAD
    0x00208144        -       0x00000010   Zero   RW           21    .bss                system_rtl8762c.o
    0x00208154        -       0x000000b8   Zero   RW          184    .bss                rtl876x_io_dlps.o
    0x0020820c        -       0x00000010   Zero   RW          321    .bss                hw_aes.o
    0x0020821c        -       0x00000010   Zero   RW          338    .bss                app_task.o
    0x0020822c        -       0x00000004   Zero   RW          411    .bss                main.o
    0x00208230        -       0x00000004   Zero   RW          479    .bss                peripheral_app.o
    0x00208234        -       0x00000008   Zero   RW          528    .bss                overlay_mgr.o
    0x0020823c        -       0x0000025c   Zero   RW          551    .bss                uart.o
    0x00208498        -       0x00000018   Zero   RW          612    .bss                tuya_ble_service_rtl8762c.o
    0x002084b0        -       0x000001b8   Zero   RW          637    .bss                tuya_ble_app_demo.o
    0x00208668        -       0x00000960   Zero   RW          687    .bss                tuya_ble_app_ota.o
    0x00208fc8        -       0x0000013c   Zero   RW          786    .bss                tuya_ble_api.o
    0x00209104        -       0x00000088   Zero   RW          816    .bss                tuya_ble_data_handler.o
    0x0020918c        -       0x00000618   Zero   RW          878    .bss                tuya_ble_heap.o
    0x002097a4        -       0x0000023e   Zero   RW          893    .bss                tuya_ble_main.o
    0x002099e2        -       0x00000001   Zero   RW          925    .bss                tuya_ble_mutli_tsf_protocol.o
    0x002099e3   0x0081e0e7   0x00000001   PAD
    0x002099e4        -       0x000000b0   Zero   RW         1030    .bss                tuya_ble_gatt_send_queue.o
    0x00209a94        -       0x00000008   Zero   RW         1051    .bss                tuya_ble_app_production_test.o
    0x00209a9c        -       0x00000049   Zero   RW         1075    .bss                tuya_ble_app_uart_common_handler.o
    0x00209ae5   0x0081e0e7   0x00000003   PAD
    0x00209ae8        -       0x00000004   Zero   RW         1175    .bss                tuya_ble_port_rtl8762.o
    0x00209aec        -       0x00000090   Zero   RW         1600    .bss                tuya_ble_sdk_lib_arm_m4f.lib(tuya_ble_secure.o)
    0x00209b7c        -       0x000000e4   Zero   RW         1852    .bss                c_w.l(rand.o)
    0x00209c60        -       0x00000004   Zero   RW         1863    .bss                c_w.l(rt_errno_addr.o)
    0x00209c64        -       0x00000014   Zero   RW         1954    .bss                c_w.l(rt_locale.o)


    Execution Region OVERLAY_A (Exec base: 0x00209c78, Load base: 0x0081e0e8, Size: 0x000000c0, Max: 0xffffffff, OVERLAY)

    Exec Addr    Load Addr    Size         Type   Attr      Idx    E Section Name        Object

    0x00209c78   0x0081e0e8   0x000000c0   Code   RO           16    .app.overlay_a      system_rtl8762c.o


    Execution Region OVERLAY_B (Exec base: 0x00209c78, Load base: 0x0081e1a8, Size: 0x00000000, Max: 0xffffffff, OVERLAY)

    **** No section assigned to this execution region ****


    Execution Region OVERLAY_C (Exec base: 0x00209c78, Load base: 0x0081e1a8, Size: 0x00000000, Max: 0xffffffff, OVERLAY)

    **** No section assigned to this execution region ****


    Execution Region CACHE_DATA_ON (Exec base: 0x0021c000, Load base: 0x0081e1a8, Size: 0x00000000, Max: 0x00000000, OVERLAY)

    **** No section assigned to this execution region ****


    Execution Region app.bin (Exec base: 0x0080e000, Load base: 0x0080e000, Size: 0x00000400, Max: 0xffffffff, ABSOLUTE)

    Exec Addr    Load Addr    Size         Type   Attr      Idx    E Section Name        Object

    0x0080e000   0x0080e000   0x00000400   Data   RO           20    .app.flash.header   system_rtl8762c.o


    Execution Region APP_FLASH_HEADER_EXT (Exec base: 0x0080e400, Load base: 0x0080e400, Size: 0x00000000, Max: 0xffffffff, ABSOLUTE)

    **** No section assigned to this execution region ****


    Execution Region FLASH_START_ADDR (Exec base: 0x0080e400, Load base: 0x0080e400, Size: 0x00000008, Max: 0xffffffff, ABSOLUTE)

    Exec Addr    Load Addr    Size         Type   Attr      Idx    E Section Name        Object

    0x0080e400   0x0080e400   0x00000008   Code   RO            2    RESET               startup_rtl8762c.o


    Execution Region FLASH_TEXT (Exec base: 0x0080e408, Load base: 0x0080e408, Size: 0x0000f6a8, Max: 0xffffffff, ABSOLUTE)

    Exec Addr    Load Addr    Size         Type   Attr      Idx    E Section Name        Object

    0x0080e408   0x0080e408   0x00000008   Code   RO         1855  * !!!main             c_w.l(__main.o)
    0x0080e410   0x0080e410   0x00000000   Code   RO         1847    .ARM.Collect$$_printf_percent$$00000000  c_w.l(_printf_percent.o)
    0x0080e410   0x0080e410   0x00000006   Code   RO         1846    .ARM.Collect$$_printf_percent$$00000009  c_w.l(_printf_d.o)
    0x0080e416   0x0080e416   0x00000006   Code   RO         1845    .ARM.Collect$$_printf_percent$$00000014  c_w.l(_printf_s.o)
    0x0080e41c   0x0080e41c   0x00000004   Code   RO         1875    .ARM.Collect$$_printf_percent$$00000017  c_w.l(_printf_percent_end.o)
    0x0080e420   0x0080e420   0x00000002   Code   RO         1976    .ARM.Collect$$libinit$$00000000  c_w.l(libinit.o)
    0x0080e422   0x0080e422   0x00000004   Code   RO         1878    .ARM.Collect$$libinit$$00000001  c_w.l(libinit2.o)
    0x0080e426   0x0080e426   0x00000000   Code   RO         1881    .ARM.Collect$$libinit$$00000004  c_w.l(libinit2.o)
    0x0080e426   0x0080e426   0x00000000   Code   RO         1884    .ARM.Collect$$libinit$$0000000A  c_w.l(libinit2.o)
    0x0080e426   0x0080e426   0x00000000   Code   RO         1886    .ARM.Collect$$libinit$$0000000C  c_w.l(libinit2.o)
    0x0080e426   0x0080e426   0x00000004   Code   RO         1887    .ARM.Collect$$libinit$$0000000D  c_w.l(libinit2.o)
    0x0080e42a   0x0080e42a   0x00000000   Code   RO         1888    .ARM.Collect$$libinit$$0000000E  c_w.l(libinit2.o)
    0x0080e42a   0x0080e42a   0x00000006   Code   RO         1889    .ARM.Collect$$libinit$$0000000F  c_w.l(libinit2.o)
    0x0080e430   0x0080e430   0x00000000   Code   RO         1891    .ARM.Collect$$libinit$$00000011  c_w.l(libinit2.o)
    0x0080e430   0x0080e430   0x0000000c   Code   RO         1892    .ARM.Collect$$libinit$$00000012  c_w.l(libinit2.o)
    0x0080e43c   0x0080e43c   0x00000000   Code   RO         1893    .ARM.Collect$$libinit$$00000013  c_w.l(libinit2.o)
    0x0080e43c   0x0080e43c   0x00000000   Code   RO         1895    .ARM.Collect$$libinit$$00000015  c_w.l(libinit2.o)
    0x0080e43c   0x0080e43c   0x00000000   Code   RO         1897    .ARM.Collect$$libinit$$00000017  c_w.l(libinit2.o)
    0x0080e43c   0x0080e43c   0x00000000   Code   RO         1899    .ARM.Collect$$libinit$$00000019  c_w.l(libinit2.o)
    0x0080e43c   0x0080e43c   0x00000000   Code   RO         1901    .ARM.Collect$$libinit$$0000001B  c_w.l(libinit2.o)
    0x0080e43c   0x0080e43c   0x00000000   Code   RO         1903    .ARM.Collect$$libinit$$0000001D  c_w.l(libinit2.o)
    0x0080e43c   0x0080e43c   0x00000000   Code   RO         1905    .ARM.Collect$$libinit$$0000001F  c_w.l(libinit2.o)
    0x0080e43c   0x0080e43c   0x00000000   Code   RO         1907    .ARM.Collect$$libinit$$00000021  c_w.l(libinit2.o)
    0x0080e43c   0x0080e43c   0x00000000   Code   RO         1909    .ARM.Collect$$libinit$$00000023  c_w.l(libinit2.o)
    0x0080e43c   0x0080e43c   0x00000000   Code   RO         1911    .ARM.Collect$$libinit$$00000025  c_w.l(libinit2.o)
    0x0080e43c   0x0080e43c   0x00000000   Code   RO         1915    .ARM.Collect$$libinit$$0000002C  c_w.l(libinit2.o)
    0x0080e43c   0x0080e43c   0x00000000   Code   RO         1917    .ARM.Collect$$libinit$$0000002E  c_w.l(libinit2.o)
    0x0080e43c   0x0080e43c   0x00000000   Code   RO         1919    .ARM.Collect$$libinit$$00000030  c_w.l(libinit2.o)
    0x0080e43c   0x0080e43c   0x00000000   Code   RO         1921    .ARM.Collect$$libinit$$00000032  c_w.l(libinit2.o)
    0x0080e43c   0x0080e43c   0x00000002   Code   RO         1922    .ARM.Collect$$libinit$$00000033  c_w.l(libinit2.o)
    0x0080e43e   0x0080e43e   0x00000000   Code   RO         1857    .ARM.Collect$$rtentry$$00000000  c_w.l(__rtentry.o)
    0x0080e43e   0x0080e43e   0x00000000   Code   RO         1927    .ARM.Collect$$rtentry$$00000002  c_w.l(__rtentry2.o)
    0x0080e43e   0x0080e43e   0x00000006   Code   RO         1939    .ARM.Collect$$rtentry$$00000004  c_w.l(__rtentry4.o)
    0x0080e444   0x0080e444   0x00000000   Code   RO         1929    .ARM.Collect$$rtentry$$00000009  c_w.l(__rtentry2.o)
    0x0080e444   0x0080e444   0x00000004   Code   RO         1930    .ARM.Collect$$rtentry$$0000000A  c_w.l(__rtentry2.o)
    0x0080e448   0x0080e448   0x00000000   Code   RO         1932    .ARM.Collect$$rtentry$$0000000C  c_w.l(__rtentry2.o)
    0x0080e448   0x0080e448   0x00000008   Code   RO         1933    .ARM.Collect$$rtentry$$0000000D  c_w.l(__rtentry2.o)
    0x0080e450   0x0080e450   0x00000280   Code   RO           15    .app.flash.text     system_rtl8762c.o
    0x0080e6d0   0x0080e6d0   0x00000034   Code   RO         1850    .emb_text           c_w.l(rand.o)
    0x0080e704   0x0080e704   0x00000050   Code   RO            3    .text               startup_rtl8762c.o
    0x0080e754   0x0080e754   0x00000140   Code   RO           18    .text               system_rtl8762c.o
    0x0080e894   0x0080e894   0x00000020   Code   RO          182    .text               rtl876x_io_dlps.o
    0x0080e8b4   0x0080e8b4   0x00000358   Code   RO          272    .text               rtl876x_rcc.o
    0x0080ec0c   0x0080ec0c   0x000001e8   Code   RO          296    .text               rtl876x_uart.o
    0x0080edf4   0x0080edf4   0x000004a0   Code   RO          320    .text               hw_aes.o
    0x0080f294   0x0080f294   0x0000011c   Code   RO          337    .text               app_task.o
    0x0080f3b0   0x0080f3b0   0x000002d4   Code   RO          409    .text               main.o
    0x0080f684   0x0080f684   0x000004d0   Code   RO          477    .text               peripheral_app.o
    0x0080fb54   0x0080fb54   0x0000007c   Code   RO          527    .text               overlay_mgr.o
    0x0080fbd0   0x0080fbd0   0x0000017c   Code   RO          549    .text               uart.o
    0x0080fd4c   0x0080fd4c   0x000001c0   Code   RO          610    .text               tuya_ble_service_rtl8762c.o
    0x0080ff0c   0x0080ff0c   0x00000634   Code   RO          635    .text               tuya_ble_app_demo.o
    0x00810540   0x00810540   0x000011f0   Code   RO          685    .text               tuya_ble_app_ota.o
    0x00811730   0x00811730   0x00000016   Code   RO          754    .text               custom_app_product_test.o
    0x00811746   0x00811746   0x00000002   Code   RO          769    .text               custom_app_uart_common_handler.o
    0x00811748   0x00811748   0x00001200   Code   RO          784    .text               tuya_ble_api.o
    0x00812948   0x00812948   0x00001e48   Code   RO          814    .text               tuya_ble_data_handler.o
    0x00814790   0x00814790   0x0000070c   Code   RO          848    .text               tuya_ble_event_handler.o
    0x00814e9c   0x00814e9c   0x00000174   Code   RO          877    .text               tuya_ble_heap.o
    0x00815010   0x00815010   0x00000380   Code   RO          891    .text               tuya_ble_main.o
    0x00815390   0x00815390   0x00000040   Code   RO          912    .text               tuya_ble_mem.o
    0x008153d0   0x008153d0   0x00000444   Code   RO          924    .text               tuya_ble_mutli_tsf_protocol.o
    0x00815814   0x00815814   0x0000084c   Code   RO          942    .text               tuya_ble_storage.o
    0x00816060   0x00816060   0x000002c8   Code   RO          955    .text               tuya_ble_unix_time.o
    0x00816328   0x00816328   0x0000048c   Code   RO          972    .text               tuya_ble_utils.o
    0x008167b4   0x008167b4   0x000000d6   Code   RO         1013    .text               tuya_ble_queue.o
    0x0081688a   0x0081688a   0x00000002   PAD
    0x0081688c   0x0081688c   0x0000014c   Code   RO         1028    .text               tuya_ble_gatt_send_queue.o
    0x008169d8   0x008169d8   0x00000e3c   Code   RO         1049    .text               tuya_ble_app_production_test.o
    0x00817814   0x00817814   0x000002cc   Code   RO         1073    .text               tuya_ble_app_uart_common_handler.o
    0x00817ae0   0x00817ae0   0x0000031c   Code   RO         1090    .text               hmac.o
    0x00817dfc   0x00817dfc   0x000009d4   Code   RO         1115    .text               md5.o
    0x008187d0   0x008187d0   0x000015ae   Code   RO         1131    .text               sha1.o
    0x00819d7e   0x00819d7e   0x00000002   PAD
    0x00819d80   0x00819d80   0x00000ac6   Code   RO         1148    .text               sha256.o
    0x0081a846   0x0081a846   0x00000002   PAD
    0x0081a848   0x0081a848   0x00000450   Code   RO         1173    .text               tuya_ble_port_rtl8762.o
    0x0081ac98   0x0081ac98   0x00000088   Code   RO         1218    .text               gap_utils.lib(gap_lib.o)
    0x0081ad20   0x0081ad20   0x00000210   Code   RO         1278    .text               gap_utils.lib(gap_lib_patch.o)
    0x0081af30   0x0081af30   0x00000110   Code   RO         1684    .text               gap_utils.lib(gap_vendor_cmd.o)
    0x0081b040   0x0081b040   0x000000ee   Code   RO         1813    .text               c_w.l(lludivv7m.o)
    0x0081b12e   0x0081b12e   0x00000002   PAD
    0x0081b130   0x0081b130   0x0000002c   Code   RO         1815    .text               c_w.l(__2sprintf.o)
    0x0081b15c   0x0081b15c   0x00000068   Code   RO         1819    .text               c_w.l(__printf.o)
    0x0081b1c4   0x0081b1c4   0x00000052   Code   RO         1821    .text               c_w.l(_printf_str.o)
    0x0081b216   0x0081b216   0x00000002   PAD
    0x0081b218   0x0081b218   0x00000078   Code   RO         1823    .text               c_w.l(_printf_dec.o)
    0x0081b290   0x0081b290   0x0000001a   Code   RO         1848    .text               c_w.l(atoll.o)
    0x0081b2aa   0x0081b2aa   0x00000002   PAD
    0x0081b2ac   0x0081b2ac   0x0000003c   Code   RO         1851    .text               c_w.l(rand.o)
    0x0081b2e8   0x0081b2e8   0x00000008   Code   RO         1862    .text               c_w.l(rt_errno_addr.o)
    0x0081b2f0   0x0081b2f0   0x000000b2   Code   RO         1867    .text               c_w.l(_printf_intcommon.o)
    0x0081b3a2   0x0081b3a2   0x00000002   PAD
    0x0081b3a4   0x0081b3a4   0x00000030   Code   RO         1869    .text               c_w.l(_printf_char_common.o)
    0x0081b3d4   0x0081b3d4   0x0000000a   Code   RO         1871    .text               c_w.l(_sputc.o)
    0x0081b3de   0x0081b3de   0x0000002c   Code   RO         1873    .text               c_w.l(_printf_char.o)
    0x0081b40a   0x0081b40a   0x00000090   Code   RO         1876    .text               c_w.l(__strtoll.o)
    0x0081b49a   0x0081b49a   0x00000002   PAD
    0x0081b49c   0x0081b49c   0x00000010   Code   RO         1941    .text               c_w.l(rt_ctype_table.o)
    0x0081b4ac   0x0081b4ac   0x000000c2   Code   RO         1947    .text               c_w.l(_strtoull.o)
    0x0081b56e   0x0081b56e   0x00000002   PAD
    0x0081b570   0x0081b570   0x00000008   Code   RO         1953    .text               c_w.l(rt_locale.o)
    0x0081b578   0x0081b578   0x0000001c   Code   RO         1958    .text               c_w.l(_chval.o)
    0x0081b594   0x0081b594   0x00000060   Code   RO         1552    i.UpdateMAC         bee2_sdk.lib(rtl876x_lib_platform.o)
    0x0081b5f4   0x0081b5f4   0x0000004c   Code   RO         1700    i._cfg_check_header_valid  bee2_sdk.lib(rtl876x_lib_cfg_int.o)
    0x0081b640   0x0081b640   0x00000090   Code   RO         1701    i._cfg_write_to_flash  bee2_sdk.lib(rtl876x_lib_cfg_int.o)
    0x0081b6d0   0x0081b6d0   0x00000134   Code   RO         1702    i.cfg_add_item      bee2_sdk.lib(rtl876x_lib_cfg_int.o)
    0x0081b804   0x0081b804   0x000000e0   Code   RO         1704    i.cfg_find_item     bee2_sdk.lib(rtl876x_lib_cfg_int.o)
    0x0081b8e4   0x0081b8e4   0x0000004c   Code   RO         1337    i.flash_lock_new    bee2_sdk.lib(rtl8762c_lib_flash.o)
    0x0081b930   0x0081b930   0x00000026   Code   RO         1349    i.flash_set_block_protect_locked  bee2_sdk.lib(rtl8762c_lib_flash.o)
    0x0081b956   0x0081b956   0x0000002a   Code   RO         1350    i.flash_sw_protect_unlock_by_addr_locked  bee2_sdk.lib(rtl8762c_lib_flash.o)
    0x0081b980   0x0081b980   0x00000038   Code   RO         1351    i.flash_unlock_new  bee2_sdk.lib(rtl8762c_lib_flash.o)
    0x0081b9b8   0x0081b9b8   0x00000054   Code   RO         1588    i.hextoascii        tuya_ble_sdk_lib_arm_m4f.lib(tuya_ble_secure.o)
    0x0081ba0c   0x0081ba0c   0x00000066   Code   RO         1589    i.tuya_ble_Add_Pkcs  tuya_ble_sdk_lib_arm_m4f.lib(tuya_ble_secure.o)
    0x0081ba72   0x0081ba72   0x00000002   PAD
    0x0081ba74   0x0081ba74   0x000000b8   Code   RO         1590    i.tuya_ble_decryption  tuya_ble_sdk_lib_arm_m4f.lib(tuya_ble_secure.o)
    0x0081bb2c   0x0081bb2c   0x00000058   Code   RO         1592    i.tuya_ble_device_id_encrypt  tuya_ble_sdk_lib_arm_m4f.lib(tuya_ble_secure.o)
    0x0081bb84   0x0081bb84   0x0000003e   Code   RO         1593    i.tuya_ble_device_id_key_generate  tuya_ble_sdk_lib_arm_m4f.lib(tuya_ble_secure.o)
    0x0081bbc2   0x0081bbc2   0x00000052   Code   RO         1594    i.tuya_ble_encrypt_old_with_key  tuya_ble_sdk_lib_arm_m4f.lib(tuya_ble_secure.o)
    0x0081bc14   0x0081bc14   0x0000008a   Code   RO         1595    i.tuya_ble_encryption  tuya_ble_sdk_lib_arm_m4f.lib(tuya_ble_secure.o)
    0x0081bc9e   0x0081bc9e   0x000000ea   Code   RO         1596    i.tuya_ble_event_process  tuya_ble_sdk_lib_arm_m4f.lib(tuya_ble_secure.o)
    0x0081bd88   0x0081bd88   0x00000048   Code   RO         1597    i.tuya_ble_generate_key1  tuya_ble_sdk_lib_arm_m4f.lib(tuya_ble_secure.o)
    0x0081bdd0   0x0081bdd0   0x000001dc   Code   RO         1598    i.tuya_ble_key_generate  tuya_ble_sdk_lib_arm_m4f.lib(tuya_ble_secure.o)
    0x0081bfac   0x0081bfac   0x00000024   Code   RO         1599    i.tuya_ble_register_key_generate  tuya_ble_sdk_lib_arm_m4f.lib(tuya_ble_secure.o)
    0x0081bfd0   0x0081bfd0   0x0000002c   Code   RO         1961    locale$$code        c_w.l(lc_ctype_c.o)
    0x0081bffc   0x0081bffc   0x0000000a   Code   RO         1951    x$fpl$fpinit        fz_wm.l(fpinit.o)
    0x0081c006   0x0081c006   0x00000002   PAD
    0x0081c008   0x0081c008   0x00000020   Data   RO           22    .constdata          system_rtl8762c.o
    0x0081c028   0x0081c028   0x0000010c   Data   RO           23    .constdata          system_rtl8762c.o
    0x0081c134   0x0081c134   0x00000024   Data   RO          339    .constdata          app_task.o
    0x0081c158   0x0081c158   0x00000060   Data   RO          412    .constdata          main.o
    0x0081c1b8   0x0081c1b8   0x00000002   Data   RO          613    .constdata          tuya_ble_service_rtl8762c.o
    0x0081c1ba   0x0081c1ba   0x00000002   PAD
    0x0081c1bc   0x0081c1bc   0x000000b4   Data   RO          614    .constdata          tuya_ble_service_rtl8762c.o
    0x0081c270   0x0081c270   0x0000005a   Data   RO          638    .constdata          tuya_ble_app_demo.o
    0x0081c2ca   0x0081c2ca   0x0000003a   Data   RO          894    .constdata          tuya_ble_main.o
    0x0081c304   0x0081c304   0x0000000c   Data   RO          956    .constdata          tuya_ble_unix_time.o
    0x0081c310   0x0081c310   0x00000004   Data   RO          973    .constdata          tuya_ble_utils.o
    0x0081c314   0x0081c314   0x00000054   Data   RO         1052    .constdata          tuya_ble_app_production_test.o
    0x0081c368   0x0081c368   0x00000100   Data   RO         1149    .constdata          sha256.o
    0x0081c468   0x0081c468   0x0000008b   Data   RO         1176    .constdata          tuya_ble_port_rtl8762.o
    0x0081c4f3   0x0081c4f3   0x0000002e   Data   RO         1705    .constdata          bee2_sdk.lib(rtl876x_lib_cfg_int.o)
    0x0081c521   0x0081c521   0x00000003   PAD
    0x0081c524   0x0081c524   0x00000220   Data   RO           24    .conststring        system_rtl8762c.o
    0x0081c744   0x0081c744   0x00000019   Data   RO          529    .conststring        overlay_mgr.o
    0x0081c75d   0x0081c75d   0x00000003   PAD
    0x0081c760   0x0081c760   0x0000011f   Data   RO          639    .conststring        tuya_ble_app_demo.o
    0x0081c87f   0x0081c87f   0x00000001   PAD
    0x0081c880   0x0081c880   0x0000059e   Data   RO          689    .conststring        tuya_ble_app_ota.o
    0x0081ce1e   0x0081ce1e   0x00000002   PAD
    0x0081ce20   0x0081ce20   0x000000e1   Data   RO          787    .conststring        tuya_ble_api.o
    0x0081cf01   0x0081cf01   0x00000003   PAD
    0x0081cf04   0x0081cf04   0x000007a1   Data   RO          817    .conststring        tuya_ble_data_handler.o
    0x0081d6a5   0x0081d6a5   0x00000003   PAD
    0x0081d6a8   0x0081d6a8   0x00000216   Data   RO          850    .conststring        tuya_ble_event_handler.o
    0x0081d8be   0x0081d8be   0x00000002   PAD
    0x0081d8c0   0x0081d8c0   0x000000dd   Data   RO         1053    .conststring        tuya_ble_app_production_test.o
    0x0081d99d   0x0081d99d   0x00000003   PAD
    0x0081d9a0   0x0081d9a0   0x00000000   Data   RO         2020    Region$$Table       anon$$obj.o
    0x0081d9a0   0x0081d9a0   0x00000110   Data   RO         1960    locale$$data        c_w.l(lc_ctype_c.o)



  Load Region LOAD_APP_TRACE (Base: 0x08800000, Size: 0x00004560, Max: 0x00400000, ABSOLUTE)

    Execution Region App.trace (Exec base: 0x08800000, Load base: 0x08800000, Size: 0x00004560, Max: 0x00400000, ABSOLUTE)

    Exec Addr    Load Addr    Size         Type   Attr      Idx    E Section Name        Object

    0x08800000   0x08800000   0x000000e6   Data   RO           19    .TRACE              system_rtl8762c.o
    0x088000e6   0x088000e6   0x00000002   PAD
    0x088000e8   0x088000e8   0x0000002a   Data   RO          183    .TRACE              rtl876x_io_dlps.o
    0x08800112   0x08800112   0x00000002   PAD
    0x08800114   0x08800114   0x00000081   Data   RO          410    .TRACE              main.o
    0x08800195   0x08800195   0x00000003   PAD
    0x08800198   0x08800198   0x00000751   Data   RO          478    .TRACE              peripheral_app.o
    0x088008e9   0x088008e9   0x00000003   PAD
    0x088008ec   0x088008ec   0x00000023   Data   RO          550    .TRACE              uart.o
    0x0880090f   0x0880090f   0x00000001   PAD
    0x08800910   0x08800910   0x0000017a   Data   RO          611    .TRACE              tuya_ble_service_rtl8762c.o
    0x08800a8a   0x08800a8a   0x00000002   PAD
    0x08800a8c   0x08800a8c   0x0000041c   Data   RO          636    .TRACE              tuya_ble_app_demo.o
    0x08800ea8   0x08800ea8   0x00000ea6   Data   RO          686    .TRACE              tuya_ble_app_ota.o
    0x08801d4e   0x08801d4e   0x00000002   PAD
    0x08801d50   0x08801d50   0x0000067b   Data   RO          785    .TRACE              tuya_ble_api.o
    0x088023cb   0x088023cb   0x00000001   PAD
    0x088023cc   0x088023cc   0x00001251   Data   RO          815    .TRACE              tuya_ble_data_handler.o
    0x0880361d   0x0880361d   0x00000003   PAD
    0x08803620   0x08803620   0x0000030e   Data   RO          849    .TRACE              tuya_ble_event_handler.o
    0x0880392e   0x0880392e   0x00000002   PAD
    0x08803930   0x08803930   0x00000070   Data   RO          892    .TRACE              tuya_ble_main.o
    0x088039a0   0x088039a0   0x000002e1   Data   RO          943    .TRACE              tuya_ble_storage.o
    0x08803c81   0x08803c81   0x00000003   PAD
    0x08803c84   0x08803c84   0x00000032   Data   RO         1029    .TRACE              tuya_ble_gatt_send_queue.o
    0x08803cb6   0x08803cb6   0x00000002   PAD
    0x08803cb8   0x08803cb8   0x00000553   Data   RO         1050    .TRACE              tuya_ble_app_production_test.o
    0x0880420b   0x0880420b   0x00000001   PAD
    0x0880420c   0x0880420c   0x000000a3   Data   RO         1074    .TRACE              tuya_ble_app_uart_common_handler.o
    0x088042af   0x088042af   0x00000001   PAD
    0x088042b0   0x088042b0   0x0000002b   Data   RO         1174    .TRACE              tuya_ble_port_rtl8762.o
    0x088042db   0x088042db   0x00000001   PAD
    0x088042dc   0x088042dc   0x00000191   Data   RO         1219    .TRACE              gap_utils.lib(gap_lib.o)
    0x0880446d   0x0880446d   0x00000003   PAD
    0x08804470   0x08804470   0x000000c1   Data   RO         1279    .TRACE              gap_utils.lib(gap_lib_patch.o)
    0x08804531   0x08804531   0x00000003   PAD
    0x08804534   0x08804534   0x00000029   Data   RO         1775    .TRACE              bee2_sdk.lib(xtx_flash_otp.o)


==============================================================================

Image component sizes


      Code (inc. data)   RO Data    RW Data    ZI Data      Debug   Object Name

       284         14         36          0         16      40868   app_task.o
        22          0          0          0          0       2779   custom_app_product_test.o
         2          0          0          0          0       1926   custom_app_uart_common_handler.o
       796          0          0          0          0       8522   hmac.o
      1184          4          0          0         16      10528   hw_aes.o
       724         72        225          0          4       9938   main.o
      2516        262          0          0          0       6955   md5.o
       124         10         25        108          8       3704   overlay_mgr.o
      1232         66       1873          0          4      18611   peripheral_app.o
       428         32         42          0        184       5241   rtl876x_io_dlps.o
       856         32          0          0          0       3257   rtl876x_rcc.o
       488         34          0          0          0       8429   rtl876x_uart.o
      5550         40          0          0          0       7456   sha1.o
      2758         70        256          0          0       7210   sha256.o
        88         66        244          0          0       1132   startup_rtl8762c.o
      1444        256       2098          4         16      80246   system_rtl8762c.o
      4608       1330       1884          0        316      19691   tuya_ble_api.o
      1588        778       1429          0        440       8974   tuya_ble_app_demo.o
      4924       1684       5188          1       2400      23394   tuya_ble_app_ota.o
      3644       1412       1668          0          8      11485   tuya_ble_app_production_test.o
       716        188        163          0         73       4286   tuya_ble_app_uart_common_handler.o
      7752       2660       6642         18        136      24257   tuya_ble_data_handler.o
      1804        312       1316          0          0       9726   tuya_ble_event_handler.o
       332         64         50          0        176       4155   tuya_ble_gatt_send_queue.o
       372          4          0          0       1560       3868   tuya_ble_heap.o
       896         94        170          1        574       5415   tuya_ble_main.o
        64          0          0          0          0       1954   tuya_ble_mem.o
      1092          6          0          0          1       9464   tuya_ble_mutli_tsf_protocol.o
      1104         44        182          0          4      14706   tuya_ble_port_rtl8762.o
       214          0          0          0          0       3716   tuya_ble_queue.o
       448         20        560          0         24       5796   tuya_ble_service_rtl8762c.o
      2124        776        737          0          0       7612   tuya_ble_storage.o
       712          8         12          0          0       4783   tuya_ble_unix_time.o
      1164         26          4          0          0       9743   tuya_ble_utils.o
       572         34         35          0        604       9460   uart.o

    ----------------------------------------------------------------------
     52632      10398      24887        136       6568     399287   Object Totals
         0          0          0          0          0          0   (incl. Generated)
         6          0         48          4          4          0   (incl. Padding)

    ----------------------------------------------------------------------

      Code (inc. data)   RO Data    RW Data    ZI Data      Debug   Library Member Name

       212         26          0          0          0      42301   rtl8762c_lib_flash.o
       752        204         46          0          0       6142   rtl876x_lib_cfg_int.o
        96         28          0          0          0       2220   rtl876x_lib_platform.o
         0          0         41          0          0      10764   xtx_flash_otp.o
        44          6          0          0          0         84   __2sprintf.o
         8          0          0          0          0         68   __main.o
       104          0          0          0          0         84   __printf.o
         0          0          0          0          0          0   __rtentry.o
        12          0          0          0          0          0   __rtentry2.o
         6          0          0          0          0          0   __rtentry4.o
       144          0          0          0          0         88   __strtoll.o
        28          0          0          0          0         68   _chval.o
        44          0          0          0          0        108   _printf_char.o
        48          6          0          0          0         96   _printf_char_common.o
         6          0          0          0          0          0   _printf_d.o
       120         16          0          0          0         92   _printf_dec.o
       178          0          0          0          0         88   _printf_intcommon.o
         0          0          0          0          0          0   _printf_percent.o
         4          0          0          0          0          0   _printf_percent_end.o
         6          0          0          0          0          0   _printf_s.o
        82          0          0          0          0         80   _printf_str.o
        10          0          0          0          0         68   _sputc.o
       194          0          0          0          0         96   _strtoull.o
        26          0          0          0          0         80   atoll.o
        44         10        272          0          0         76   lc_ctype_c.o
         2          0          0          0          0          0   libinit.o
        28          0          0          0          0          0   libinit2.o
       238          0          0          0          0        100   lludivv7m.o
       112         18          0          0        228        160   rand.o
        16          4          0          0          0         76   rt_ctype_table.o
         8          4          0          0          4         68   rt_errno_addr.o
         8          4          0          0         20         68   rt_locale.o
        10          0          0          0          0        116   fpinit.o
       136         10        401          0          0      67670   gap_lib.o
       528         40        193          0          0       5877   gap_lib_patch.o
       272         14          0          0          0       3767   gap_vendor_cmd.o
      1558         54          0          0        144      22039   tuya_ble_secure.o

    ----------------------------------------------------------------------
      5100        444        965          0        396     162544   Library Totals
        16          0         12          0          0          0   (incl. Padding)

    ----------------------------------------------------------------------

      Code (inc. data)   RO Data    RW Data    ZI Data      Debug   Library Name

      1060        258         87          0          0      61427   bee2_sdk.lib
      1520         68        272          0        252       1648   c_w.l
        10          0          0          0          0        116   fz_wm.l
       936         64        594          0          0      77314   gap_utils.lib
      1558         54          0          0        144      22039   tuya_ble_sdk_lib_arm_m4f.lib

    ----------------------------------------------------------------------
      5100        444        965          0        396     162544   Library Totals

    ----------------------------------------------------------------------

==============================================================================


      Code (inc. data)   RO Data    RW Data    ZI Data      Debug   

     57732      10842      25852        136       6964     551195   Grand Totals
     57732      10842      25852        136       6964     551195   ELF Image Totals
     57732      10842      25852        136          0          0   ROM Totals

==============================================================================

    Total RO  Size (Code + RO Data)                83584 (  81.63kB)
    Total RW  Size (RW Data + ZI Data)              7100 (   6.93kB)
    Total ROM Size (Code + RO Data + RW Data)      83720 (  81.76kB)

==============================================================================

